schema-tables-baseline 7
package wide

table Caption
    field title id=0xda31296c0c1b6029 kind=33 size=7
    field line id=0xbf4ba5ad694f5907 kind=13 type=Line
    field lines id=0x5ce3f9a9f1d5001c kind=14 elem=13 type=Line array=bounded bound=3
    field body id=0xcd4de79bc6c93295 kind=15 union=Body

table Line
    field text id=0xfa04f4ef1995407e kind=33 size=4

table Stamp
    field label id=0x39f7fcec8fcb623d kind=33 size=4
    field seq id=0x823b8a195ce2133c kind=8

union Body
    arm wide id=0xa633f1f655715cca kind=33 size=4
    arm narrow id=0x96569b06f223c29a kind=12 size=4
    arm count id=0xb1e5e28e4479a274 kind=4

## history
### 2026-09-06 (UTC) — the wstring(N) table unit: kind 33's sites (schema#522)
- baseline created over 3 tables — data written BEFORE this point is not covered by it
