schema-tables-baseline 3
package graphdemo

table Album
    field name id=0x30df kind=12 size=16
    field tint id=0x82b9 kind=13 type=Colour
    field stamp id=0x0dc6 kind=13 type=Stamp
    field marker id=0x866f kind=13 type=Marker
    field pin id=0x69d5 kind=13 type=Marker
    field head id=0x79aa kind=13 type=ListNode

table Colour
    field r id=0xb019 kind=6
    field g id=0xc40a kind=6
    field b id=0xcae9 kind=6

table Depot
    field name id=0x30df kind=12 size=12
    field banks id=0x7f34 kind=16 elem=13 type=Layer array=keyed bound=2 key=Tier
    field spare id=0x3a4f kind=13 type=Meta optional=true
    field head id=0x79aa kind=13 type=ListNode

table Layer
    field depth id=0x609f kind=4 default=0
    field head id=0x79aa kind=13 type=ListNode

table ListNode
    field value id=0x9194 kind=4
    field name id=0x30df kind=12 size=12
    field next id=0xd15e kind=13 type=ListNode

table Marker
    field label id=0xe16a kind=12 size=8
    field note id=0x9da7 kind=13 type=Tally

table Meta
    field build id=0x3138 kind=4 default=1
    field tag id=0xbc64 kind=12 size=8

table Scene
    field name id=0x30df kind=12 size=24
    field version id=0xe8e6 kind=4 default=1
    field head id=0x79aa kind=13 type=ListNode
    field tree id=0x595e kind=13 type=TreeNode
    field settings id=0x130e kind=13 type=Settings
    field alias id=0xfc71 kind=13 type=ListNode
    field ground id=0x5bdf kind=13 type=Layer
    field layers id=0x1ee8 kind=14 elem=13 type=Layer array=bounded bound=4
    field meta id=0xcea6 kind=13 type=Meta

table Settings
    field quality id=0xcaf3 kind=4 default=2
    field label id=0xe16a kind=12 size=16

table Stamp
    field tag id=0xbc64 kind=12 size=8
    field seq id=0xc29b kind=4 default=0

table Tally
    field hits id=0xb723 kind=4 default=0

table TreeNode
    field label id=0xe16a kind=12 size=12
    field left id=0xfe3a kind=13 type=TreeNode
    field right id=0x5506 kind=13 type=TreeNode

enum Tier
    variant Low id=0x24fc
    variant High id=0xb817

## history
### 2026-09-02 — the first baseline over the pointers corpus
- baseline created over 12 tables — data written BEFORE this point is not covered by it

### 2026-09-02 — enum arrays store Max slots and shift left: nothing is stored or packed for None (owner ruling 2026-09-03)
- no compatibility-affecting edits; the wire absorbs the rest
