===== leg control-start =====
== cpp: build (Release) ==
== cpp: run (Release) ==
schema bench (cpp, Release)
rigidbody_moving   write     628.29 M msg/s    62914.7 MB/s   (min 571.56, max 630.56, spread 9.4%)
rigidbody_moving   read      461.41 M msg/s    46203.6 MB/s   (min 459.85, max 461.89, spread 0.4%)
rigidbody_at_rest  write     847.41 M msg/s    46064.7 MB/s   (min 798.00, max 850.33, spread 6.2%)
rigidbody_at_rest  read      497.91 M msg/s    27065.9 MB/s   (min 495.16, max 499.11, spread 0.8%)
chat               write     132.00 M msg/s     1636.5 MB/s   (min 130.77, max 132.43, spread 1.3%)
chat               read      218.03 M msg/s     2703.0 MB/s   (min 217.29, max 218.46, spread 0.5%)
test               write     764.92 M msg/s     4376.9 MB/s   (min 759.61, max 766.26, spread 0.9%)
test               read     1042.33 M msg/s     5964.2 MB/s   (min 1036.40, max 1056.12, spread 1.9%)
inputpacket        write     113.06 M msg/s     6577.0 MB/s   (min 111.76, max 114.89, spread 2.8%)
inputpacket        read      293.01 M msg/s    17045.8 MB/s   (min 290.40, max 295.66, spread 1.8%)
shipcreate         write     468.32 M msg/s    12505.5 MB/s   (min 465.24, max 471.24, spread 1.3%)
shipcreate         read      256.23 M msg/s     6842.0 MB/s   (min 252.12, max 257.26, spread 2.0%)
ship_shallow       write     423.59 M msg/s    11311.1 MB/s   (min 422.30, max 424.64, spread 0.6%)
ship_shallow       read      290.18 M msg/s     7748.7 MB/s   (min 284.18, max 291.24, spread 2.4%)
probe_header       write    1069.28 M msg/s    10197.4 MB/s   (min 1048.79, max 1083.51, spread 3.2%)
probe_header       read     1423.86 M msg/s    13579.0 MB/s   (min 1364.95, max 1431.08, spread 4.6%)
probebits          write     598.54 M msg/s    14841.1 MB/s   (min 591.91, max 600.63, spread 1.5%)
probebits          read      772.42 M msg/s    19152.5 MB/s   (min 767.58, max 776.03, spread 1.1%)
probearray         write      85.06 M msg/s     3812.7 MB/s   (min 84.69, max 85.13, spread 0.5%)
probearray         read      140.91 M msg/s     6315.8 MB/s   (min 140.74, max 142.21, spread 1.0%)
testdata           write      47.27 M msg/s     4147.4 MB/s   (min 47.15, max 48.26, spread 2.4%)
testdata           read       70.15 M msg/s     6154.7 MB/s   (min 69.65, max 71.67, spread 2.9%)
real_packet        write      21.13 M msg/s     4111.5 MB/s   (min 21.10, max 21.18, spread 0.4%)
real_packet        read       26.66 M msg/s     5186.9 MB/s   (min 26.65, max 26.74, spread 0.3%)
message_batch      write      86.64 M msg/s     2065.6 MB/s   (min 81.39, max 90.69, spread 10.7%)
message_batch      read      150.63 M msg/s     3591.4 MB/s   (min 132.65, max 158.41, spread 17.1%)
bench_packet       write      92.95 M msg/s     4343.8 MB/s   (min 92.72, max 93.59, spread 0.9%)
bench_packet       read      136.97 M msg/s     6400.7 MB/s   (min 119.11, max 137.66, spread 13.5%)
bench_ints         write     185.56 M msg/s     2477.4 MB/s   (min 182.52, max 189.23, spread 3.6%)
bench_ints         read      180.31 M msg/s     2407.4 MB/s   (min 169.02, max 192.02, spread 12.8%)
bench_bits         write     183.11 M msg/s     3492.5 MB/s   (min 181.23, max 188.17, spread 3.8%)
bench_bits         read      231.49 M msg/s     4415.2 MB/s   (min 227.95, max 238.78, spread 4.7%)
bench_mixed        write     152.50 M msg/s     3054.1 MB/s   (min 149.43, max 153.56, spread 2.7%)
bench_mixed        read      190.71 M msg/s     3819.4 MB/s   (min 181.56, max 191.86, spread 5.4%)
bitpacker          write       0.06 M msg/s     3884.7 MB/s   (min 0.06, max 0.06, spread 0.2%)
bitpacker          read        0.10 M msg/s     5993.7 MB/s   (min 0.09, max 0.10, spread 2.8%)
OK (corpus_id 7a7c343f1a446f4c)
results: build/bench/pass-js-final-2/control-start.csv
===== leg round-0-cpp =====
== cpp: reusing build/bench/schema_bench_cpp ==
== cpp: run (Release) ==
schema bench (cpp, Release)
rigidbody_moving   write     619.03 M msg/s    61987.3 MB/s   (min 619.03, max 619.03, spread 0.0%)
rigidbody_moving   read      460.94 M msg/s    46156.2 MB/s   (min 460.94, max 460.94, spread 0.0%)
rigidbody_at_rest  write     831.01 M msg/s    45173.2 MB/s   (min 831.01, max 831.01, spread 0.0%)
rigidbody_at_rest  read      497.54 M msg/s    27046.1 MB/s   (min 497.54, max 497.54, spread 0.0%)
chat               write     130.38 M msg/s     1616.4 MB/s   (min 130.38, max 130.38, spread 0.0%)
chat               read      218.78 M msg/s     2712.4 MB/s   (min 218.78, max 218.78, spread 0.0%)
test               write     765.15 M msg/s     4378.2 MB/s   (min 765.15, max 765.15, spread 0.0%)
test               read     1039.12 M msg/s     5945.9 MB/s   (min 1039.12, max 1039.12, spread 0.0%)
inputpacket        write     112.21 M msg/s     6527.5 MB/s   (min 112.21, max 112.21, spread 0.0%)
inputpacket        read      291.81 M msg/s    16976.0 MB/s   (min 291.81, max 291.81, spread 0.0%)
shipcreate         write     469.94 M msg/s    12548.8 MB/s   (min 469.94, max 469.94, spread 0.0%)
shipcreate         read      254.40 M msg/s     6793.2 MB/s   (min 254.40, max 254.40, spread 0.0%)
ship_shallow       write     424.02 M msg/s    11322.6 MB/s   (min 424.02, max 424.02, spread 0.0%)
ship_shallow       read      283.94 M msg/s     7582.1 MB/s   (min 283.94, max 283.94, spread 0.0%)
probe_header       write    1076.71 M msg/s    10268.3 MB/s   (min 1076.71, max 1076.71, spread 0.0%)
probe_header       read     1427.76 M msg/s    13616.2 MB/s   (min 1427.76, max 1427.76, spread 0.0%)
probebits          write     597.81 M msg/s    14822.9 MB/s   (min 597.81, max 597.81, spread 0.0%)
probebits          read      777.81 M msg/s    19286.3 MB/s   (min 777.81, max 777.81, spread 0.0%)
probearray         write      85.12 M msg/s     3815.5 MB/s   (min 85.12, max 85.12, spread 0.0%)
probearray         read      140.90 M msg/s     6315.5 MB/s   (min 140.90, max 140.90, spread 0.0%)
testdata           write      47.54 M msg/s     4170.8 MB/s   (min 47.54, max 47.54, spread 0.0%)
testdata           read       70.38 M msg/s     6175.1 MB/s   (min 70.38, max 70.38, spread 0.0%)
real_packet        write      21.08 M msg/s     4100.9 MB/s   (min 21.08, max 21.08, spread 0.0%)
real_packet        read       26.71 M msg/s     5196.2 MB/s   (min 26.71, max 26.71, spread 0.0%)
message_batch      write      88.78 M msg/s     2116.6 MB/s   (min 88.78, max 88.78, spread 0.0%)
message_batch      read      149.43 M msg/s     3562.6 MB/s   (min 149.43, max 149.43, spread 0.0%)
bench_packet       write      92.59 M msg/s     4326.8 MB/s   (min 92.59, max 92.59, spread 0.0%)
bench_packet       read      136.16 M msg/s     6363.0 MB/s   (min 136.16, max 136.16, spread 0.0%)
bench_ints         write     186.14 M msg/s     2485.2 MB/s   (min 186.14, max 186.14, spread 0.0%)
bench_ints         read      191.43 M msg/s     2555.8 MB/s   (min 191.43, max 191.43, spread 0.0%)
bench_bits         write     190.45 M msg/s     3632.6 MB/s   (min 190.45, max 190.45, spread 0.0%)
bench_bits         read      235.72 M msg/s     4496.0 MB/s   (min 235.72, max 235.72, spread 0.0%)
bench_mixed        write     152.71 M msg/s     3058.4 MB/s   (min 152.71, max 152.71, spread 0.0%)
bench_mixed        read      178.29 M msg/s     3570.6 MB/s   (min 178.29, max 178.29, spread 0.0%)
bitpacker          write       0.06 M msg/s     3876.3 MB/s   (min 0.06, max 0.06, spread 0.0%)
bitpacker          read        0.10 M msg/s     6009.0 MB/s   (min 0.10, max 0.10, spread 0.0%)
OK (corpus_id 7a7c343f1a446f4c)
results: build/bench/pass-js-final-2/round-0-cpp.csv
===== leg round-0-c =====
== c: build (Release) ==
== c: run (Release) ==
schema bench (c, Release)
rigidbody_moving   write     582.95 M msg/s    58374.0 MB/s   (min 582.95, max 582.95, spread 0.0%)
rigidbody_moving   read      452.70 M msg/s    45331.7 MB/s   (min 452.70, max 452.70, spread 0.0%)
rigidbody_at_rest  write     824.27 M msg/s    44807.1 MB/s   (min 824.27, max 824.27, spread 0.0%)
rigidbody_at_rest  read      484.61 M msg/s    26342.9 MB/s   (min 484.61, max 484.61, spread 0.0%)
chat               write     124.44 M msg/s     1542.8 MB/s   (min 124.44, max 124.44, spread 0.0%)
chat               read      226.76 M msg/s     2811.3 MB/s   (min 226.76, max 226.76, spread 0.0%)
test               write     767.37 M msg/s     4390.9 MB/s   (min 767.37, max 767.37, spread 0.0%)
test               read     1046.95 M msg/s     5990.7 MB/s   (min 1046.95, max 1046.95, spread 0.0%)
inputpacket        write     101.50 M msg/s     5904.6 MB/s   (min 101.50, max 101.50, spread 0.0%)
inputpacket        read      242.15 M msg/s    14087.0 MB/s   (min 242.15, max 242.15, spread 0.0%)
shipcreate         write     460.43 M msg/s    12294.9 MB/s   (min 460.43, max 460.43, spread 0.0%)
shipcreate         read      252.96 M msg/s     6754.7 MB/s   (min 252.96, max 252.96, spread 0.0%)
ship_shallow       write     427.25 M msg/s    11408.7 MB/s   (min 427.25, max 427.25, spread 0.0%)
ship_shallow       read      286.79 M msg/s     7658.0 MB/s   (min 286.79, max 286.79, spread 0.0%)
probe_header       write    1080.88 M msg/s    10308.1 MB/s   (min 1080.88, max 1080.88, spread 0.0%)
probe_header       read     1422.20 M msg/s    13563.1 MB/s   (min 1422.20, max 1422.20, spread 0.0%)
probebits          write     593.57 M msg/s    14718.0 MB/s   (min 593.57, max 593.57, spread 0.0%)
probebits          read      773.20 M msg/s    19172.0 MB/s   (min 773.20, max 773.20, spread 0.0%)
probearray         write      81.28 M msg/s     3643.2 MB/s   (min 81.28, max 81.28, spread 0.0%)
probearray         read      142.06 M msg/s     6367.5 MB/s   (min 142.06, max 142.06, spread 0.0%)
testdata           write      37.11 M msg/s     3255.7 MB/s   (min 37.11, max 37.11, spread 0.0%)
testdata           read       54.06 M msg/s     4743.1 MB/s   (min 54.06, max 54.06, spread 0.0%)
real_packet        write      25.62 M msg/s     4983.8 MB/s   (min 25.62, max 25.62, spread 0.0%)
real_packet        read       30.16 M msg/s     5867.0 MB/s   (min 30.16, max 30.16, spread 0.0%)
message_batch      write     115.31 M msg/s     2749.2 MB/s   (min 115.31, max 115.31, spread 0.0%)
message_batch      read      152.36 M msg/s     3632.6 MB/s   (min 152.36, max 152.36, spread 0.0%)
bench_packet       write     118.34 M msg/s     5529.9 MB/s   (min 118.34, max 118.34, spread 0.0%)
bench_packet       read      140.82 M msg/s     6580.5 MB/s   (min 140.82, max 140.82, spread 0.0%)
bench_ints         write     189.91 M msg/s     2535.6 MB/s   (min 189.91, max 189.91, spread 0.0%)
bench_ints         read      178.75 M msg/s     2386.6 MB/s   (min 178.75, max 178.75, spread 0.0%)
bench_bits         write     191.85 M msg/s     3659.2 MB/s   (min 191.85, max 191.85, spread 0.0%)
bench_bits         read      224.23 M msg/s     4276.9 MB/s   (min 224.23, max 224.23, spread 0.0%)
bench_mixed        write     159.41 M msg/s     3192.5 MB/s   (min 159.41, max 159.41, spread 0.0%)
bench_mixed        read      172.92 M msg/s     3463.2 MB/s   (min 172.92, max 172.92, spread 0.0%)
bitpacker          write       0.06 M msg/s     3825.6 MB/s   (min 0.06, max 0.06, spread 0.0%)
bitpacker          read        0.06 M msg/s     3683.0 MB/s   (min 0.06, max 0.06, spread 0.0%)
OK (corpus_id 7a7c343f1a446f4c)
results: build/bench/pass-js-final-2/round-0-c.csv
===== leg round-0-js =====
== js: run ==
schema bench (js, node 26.7.0, production mode)
rigidbody_moving [flat] write      13.45 M msg/s     1346.3 MB/s   (min 13.45, max 13.45, spread 0.0%)
rigidbody_moving [flat] read       45.79 M msg/s     4585.7 MB/s   (min 45.79, max 45.79, spread 0.0%)
rigidbody_at_rest [flat] write      15.31 M msg/s      832.0 MB/s   (min 15.31, max 15.31, spread 0.0%)
rigidbody_at_rest [flat] read       68.86 M msg/s     3743.3 MB/s   (min 68.86, max 68.86, spread 0.0%)
chat [flat]        write      13.95 M msg/s      172.9 MB/s   (min 13.95, max 13.95, spread 0.0%)
chat [flat]        read       48.40 M msg/s      600.1 MB/s   (min 48.40, max 48.40, spread 0.0%)
test [flat]        write      20.78 M msg/s      118.9 MB/s   (min 20.78, max 20.78, spread 0.0%)
test [flat]        read       82.30 M msg/s      470.9 MB/s   (min 82.30, max 82.30, spread 0.0%)
inputpacket [flat] write       4.71 M msg/s      273.9 MB/s   (min 4.71, max 4.71, spread 0.0%)
inputpacket [flat] read       18.73 M msg/s     1089.6 MB/s   (min 18.73, max 18.73, spread 0.0%)
shipcreate [flat]  write       7.10 M msg/s      189.6 MB/s   (min 7.10, max 7.10, spread 0.0%)
shipcreate [flat]  read       39.80 M msg/s     1062.7 MB/s   (min 39.80, max 39.80, spread 0.0%)
probe_header [flat] write       8.72 M msg/s       83.2 MB/s   (min 8.72, max 8.72, spread 0.0%)
probe_header [flat] read       83.90 M msg/s      800.2 MB/s   (min 83.90, max 83.90, spread 0.0%)
probebits [flat]   write       4.50 M msg/s      111.6 MB/s   (min 4.50, max 4.50, spread 0.0%)
probebits [flat]   read       40.17 M msg/s      996.0 MB/s   (min 40.17, max 40.17, spread 0.0%)
probearray [flat]  write       6.17 M msg/s      276.7 MB/s   (min 6.17, max 6.17, spread 0.0%)
probearray [flat]  read       20.78 M msg/s      931.4 MB/s   (min 20.78, max 20.78, spread 0.0%)
testdata [flat]    write       2.67 M msg/s      234.3 MB/s   (min 2.67, max 2.67, spread 0.0%)
testdata [flat]    read       10.93 M msg/s      958.8 MB/s   (min 10.93, max 10.93, spread 0.0%)
real_packet [flat] write       1.42 M msg/s      275.7 MB/s   (min 1.42, max 1.42, spread 0.0%)
real_packet [flat] read        5.93 M msg/s     1154.3 MB/s   (min 5.93, max 5.93, spread 0.0%)
rigidbody_moving [runtime] write       3.43 M msg/s      343.2 MB/s   (min 3.43, max 3.43, spread 0.0%)
rigidbody_moving [runtime] read        2.83 M msg/s      283.5 MB/s   (min 2.83, max 2.83, spread 0.0%)
rigidbody_at_rest [runtime] write       5.19 M msg/s      282.0 MB/s   (min 5.19, max 5.19, spread 0.0%)
rigidbody_at_rest [runtime] read        5.39 M msg/s      293.2 MB/s   (min 5.39, max 5.39, spread 0.0%)
chat [runtime]     write       5.77 M msg/s       71.5 MB/s   (min 5.77, max 5.77, spread 0.0%)
chat [runtime]     read       10.66 M msg/s      132.1 MB/s   (min 10.66, max 10.66, spread 0.0%)
test [runtime]     write      11.00 M msg/s       63.0 MB/s   (min 11.00, max 11.00, spread 0.0%)
test [runtime]     read       18.66 M msg/s      106.8 MB/s   (min 18.66, max 18.66, spread 0.0%)
inputpacket [runtime] write       1.88 M msg/s      109.6 MB/s   (min 1.88, max 1.88, spread 0.0%)
inputpacket [runtime] read        2.13 M msg/s      123.8 MB/s   (min 2.13, max 2.13, spread 0.0%)
shipcreate [runtime] write       3.09 M msg/s       82.6 MB/s   (min 3.09, max 3.09, spread 0.0%)
shipcreate [runtime] read        4.44 M msg/s      118.7 MB/s   (min 4.44, max 4.44, spread 0.0%)
probe_header [runtime] write       5.75 M msg/s       54.9 MB/s   (min 5.75, max 5.75, spread 0.0%)
probe_header [runtime] read        8.93 M msg/s       85.2 MB/s   (min 8.93, max 8.93, spread 0.0%)
probebits [runtime] write       2.85 M msg/s       70.6 MB/s   (min 2.85, max 2.85, spread 0.0%)
probebits [runtime] read        3.89 M msg/s       96.5 MB/s   (min 3.89, max 3.89, spread 0.0%)
probearray [runtime] write       2.15 M msg/s       96.2 MB/s   (min 2.15, max 2.15, spread 0.0%)
probearray [runtime] read        2.42 M msg/s      108.4 MB/s   (min 2.42, max 2.42, spread 0.0%)
testdata [runtime] write       1.23 M msg/s      107.8 MB/s   (min 1.23, max 1.23, spread 0.0%)
testdata [runtime] read        1.42 M msg/s      124.7 MB/s   (min 1.42, max 1.42, spread 0.0%)
real_packet [runtime] write       0.51 M msg/s       99.2 MB/s   (min 0.51, max 0.51, spread 0.0%)
real_packet [runtime] read        0.59 M msg/s      115.1 MB/s   (min 0.59, max 0.59, spread 0.0%)
ship_shallow [runtime] write       3.24 M msg/s       86.4 MB/s   (min 3.24, max 3.24, spread 0.0%)
ship_shallow [runtime] read        5.00 M msg/s      133.5 MB/s   (min 5.00, max 5.00, spread 0.0%)
message_batch [runtime] write       9.91 M msg/s      236.3 MB/s   (min 9.91, max 9.91, spread 0.0%)
message_batch [runtime] read        9.71 M msg/s      231.6 MB/s   (min 9.71, max 9.71, spread 0.0%)
bench_packet       write       3.35 M msg/s      156.5 MB/s   (min 3.35, max 3.35, spread 0.0%)
bench_packet       read        4.08 M msg/s      190.8 MB/s   (min 4.08, max 4.08, spread 0.0%)
bench_ints         write       5.93 M msg/s       79.2 MB/s   (min 5.93, max 5.93, spread 0.0%)
bench_ints         read        6.50 M msg/s       86.8 MB/s   (min 6.50, max 6.50, spread 0.0%)
bench_bits         write       4.10 M msg/s       78.1 MB/s   (min 4.10, max 4.10, spread 0.0%)
bench_bits         read        6.96 M msg/s      132.7 MB/s   (min 6.96, max 6.96, spread 0.0%)
bench_mixed        write       3.52 M msg/s       70.5 MB/s   (min 3.52, max 3.52, spread 0.0%)
bench_mixed        read        5.15 M msg/s      103.2 MB/s   (min 5.15, max 5.15, spread 0.0%)
bitpacker          write       0.01 M msg/s      367.4 MB/s   (min 0.01, max 0.01, spread 0.0%)
bitpacker          read        0.00 M msg/s      288.6 MB/s   (min 0.00, max 0.00, spread 0.0%)
OK (corpus_id 7a7c343f1a446f4c)
results: build/bench/pass-js-final-2/round-0-js.csv
===== leg round-1-cpp =====
== cpp: reusing build/bench/schema_bench_cpp ==
== cpp: run (Release) ==
schema bench (cpp, Release)
rigidbody_moving   write     596.97 M msg/s    59778.5 MB/s   (min 596.97, max 596.97, spread 0.0%)
rigidbody_moving   read      452.71 M msg/s    45332.8 MB/s   (min 452.71, max 452.71, spread 0.0%)
rigidbody_at_rest  write     809.46 M msg/s    44002.0 MB/s   (min 809.46, max 809.46, spread 0.0%)
rigidbody_at_rest  read      474.86 M msg/s    25813.3 MB/s   (min 474.86, max 474.86, spread 0.0%)
chat               write     126.02 M msg/s     1562.4 MB/s   (min 126.02, max 126.02, spread 0.0%)
chat               read      208.38 M msg/s     2583.5 MB/s   (min 208.38, max 208.38, spread 0.0%)
test               write     726.16 M msg/s     4155.1 MB/s   (min 726.16, max 726.16, spread 0.0%)
test               read     1016.19 M msg/s     5814.7 MB/s   (min 1016.19, max 1016.19, spread 0.0%)
inputpacket        write     109.96 M msg/s     6396.9 MB/s   (min 109.96, max 109.96, spread 0.0%)
inputpacket        read      287.30 M msg/s    16713.3 MB/s   (min 287.30, max 287.30, spread 0.0%)
shipcreate         write     446.87 M msg/s    11932.6 MB/s   (min 446.87, max 446.87, spread 0.0%)
shipcreate         read      245.52 M msg/s     6556.1 MB/s   (min 245.52, max 245.52, spread 0.0%)
ship_shallow       write     404.03 M msg/s    10788.7 MB/s   (min 404.03, max 404.03, spread 0.0%)
ship_shallow       read      277.81 M msg/s     7418.2 MB/s   (min 277.81, max 277.81, spread 0.0%)
probe_header       write    1020.15 M msg/s     9728.9 MB/s   (min 1020.15, max 1020.15, spread 0.0%)
probe_header       read     1399.73 M msg/s    13348.9 MB/s   (min 1399.73, max 1399.73, spread 0.0%)
probebits          write     569.11 M msg/s    14111.4 MB/s   (min 569.11, max 569.11, spread 0.0%)
probebits          read      759.34 M msg/s    18828.3 MB/s   (min 759.34, max 759.34, spread 0.0%)
probearray         write      80.75 M msg/s     3619.4 MB/s   (min 80.75, max 80.75, spread 0.0%)
probearray         read      138.37 M msg/s     6202.0 MB/s   (min 138.37, max 138.37, spread 0.0%)
testdata           write      46.14 M msg/s     4048.0 MB/s   (min 46.14, max 46.14, spread 0.0%)
testdata           read       68.33 M msg/s     5995.4 MB/s   (min 68.33, max 68.33, spread 0.0%)
real_packet        write      20.76 M msg/s     4038.2 MB/s   (min 20.76, max 20.76, spread 0.0%)
real_packet        read       26.16 M msg/s     5089.1 MB/s   (min 26.16, max 26.16, spread 0.0%)
message_batch      write      84.00 M msg/s     2002.7 MB/s   (min 84.00, max 84.00, spread 0.0%)
message_batch      read      149.98 M msg/s     3575.7 MB/s   (min 149.98, max 149.98, spread 0.0%)
bench_packet       write      91.23 M msg/s     4263.0 MB/s   (min 91.23, max 91.23, spread 0.0%)
bench_packet       read      128.67 M msg/s     6012.9 MB/s   (min 128.67, max 128.67, spread 0.0%)
bench_ints         write     183.37 M msg/s     2448.2 MB/s   (min 183.37, max 183.37, spread 0.0%)
bench_ints         read      187.64 M msg/s     2505.3 MB/s   (min 187.64, max 187.64, spread 0.0%)
bench_bits         write     181.64 M msg/s     3464.6 MB/s   (min 181.64, max 181.64, spread 0.0%)
bench_bits         read      223.97 M msg/s     4271.8 MB/s   (min 223.97, max 223.97, spread 0.0%)
bench_mixed        write     149.30 M msg/s     2990.1 MB/s   (min 149.30, max 149.30, spread 0.0%)
bench_mixed        read      145.75 M msg/s     2919.0 MB/s   (min 145.75, max 145.75, spread 0.0%)
bitpacker          write       0.06 M msg/s     3689.9 MB/s   (min 0.06, max 0.06, spread 0.0%)
bitpacker          read        0.09 M msg/s     5649.1 MB/s   (min 0.09, max 0.09, spread 0.0%)
OK (corpus_id 7a7c343f1a446f4c)
results: build/bench/pass-js-final-2/round-1-cpp.csv
===== leg round-1-c =====
== c: reusing build/bench/schema_bench_c ==
== c: run (Release) ==
schema bench (c, Release)
rigidbody_moving   write     593.35 M msg/s    59416.0 MB/s   (min 593.35, max 593.35, spread 0.0%)
rigidbody_moving   read      445.47 M msg/s    44607.2 MB/s   (min 445.47, max 445.47, spread 0.0%)
rigidbody_at_rest  write     778.55 M msg/s    42321.6 MB/s   (min 778.55, max 778.55, spread 0.0%)
rigidbody_at_rest  read      474.90 M msg/s    25815.1 MB/s   (min 474.90, max 474.90, spread 0.0%)
chat               write     119.33 M msg/s     1479.5 MB/s   (min 119.33, max 119.33, spread 0.0%)
chat               read      222.24 M msg/s     2755.3 MB/s   (min 222.24, max 222.24, spread 0.0%)
test               write     723.77 M msg/s     4141.4 MB/s   (min 723.77, max 723.77, spread 0.0%)
test               read     1003.96 M msg/s     5744.7 MB/s   (min 1003.96, max 1003.96, spread 0.0%)
inputpacket        write      97.09 M msg/s     5648.3 MB/s   (min 97.09, max 97.09, spread 0.0%)
inputpacket        read      233.94 M msg/s    13609.4 MB/s   (min 233.94, max 233.94, spread 0.0%)
shipcreate         write     428.24 M msg/s    11435.3 MB/s   (min 428.24, max 428.24, spread 0.0%)
shipcreate         read      239.38 M msg/s     6392.2 MB/s   (min 239.38, max 239.38, spread 0.0%)
ship_shallow       write     408.23 M msg/s    10900.8 MB/s   (min 408.23, max 408.23, spread 0.0%)
ship_shallow       read      279.27 M msg/s     7457.2 MB/s   (min 279.27, max 279.27, spread 0.0%)
probe_header       write     998.89 M msg/s     9526.1 MB/s   (min 998.89, max 998.89, spread 0.0%)
probe_header       read     1378.70 M msg/s    13148.3 MB/s   (min 1378.70, max 1378.70, spread 0.0%)
probebits          write     564.15 M msg/s    13988.3 MB/s   (min 564.15, max 564.15, spread 0.0%)
probebits          read      754.40 M msg/s    18705.7 MB/s   (min 754.40, max 754.40, spread 0.0%)
probearray         write      76.69 M msg/s     3437.6 MB/s   (min 76.69, max 76.69, spread 0.0%)
probearray         read      137.99 M msg/s     6184.9 MB/s   (min 137.99, max 137.99, spread 0.0%)
testdata           write      36.11 M msg/s     3168.5 MB/s   (min 36.11, max 36.11, spread 0.0%)
testdata           read       58.91 M msg/s     5169.0 MB/s   (min 58.91, max 58.91, spread 0.0%)
real_packet        write      24.90 M msg/s     4844.5 MB/s   (min 24.90, max 24.90, spread 0.0%)
real_packet        read       29.37 M msg/s     5714.5 MB/s   (min 29.37, max 29.37, spread 0.0%)
message_batch      write     169.07 M msg/s     4030.9 MB/s   (min 169.07, max 169.07, spread 0.0%)
message_batch      read      144.05 M msg/s     3434.5 MB/s   (min 144.05, max 144.05, spread 0.0%)
bench_packet       write     114.38 M msg/s     5344.8 MB/s   (min 114.38, max 114.38, spread 0.0%)
bench_packet       read      136.55 M msg/s     6381.0 MB/s   (min 136.55, max 136.55, spread 0.0%)
bench_ints         write     187.87 M msg/s     2508.3 MB/s   (min 187.87, max 187.87, spread 0.0%)
bench_ints         read      172.40 M msg/s     2301.8 MB/s   (min 172.40, max 172.40, spread 0.0%)
bench_bits         write     188.06 M msg/s     3587.0 MB/s   (min 188.06, max 188.06, spread 0.0%)
bench_bits         read      217.75 M msg/s     4153.2 MB/s   (min 217.75, max 217.75, spread 0.0%)
bench_mixed        write     154.46 M msg/s     3093.4 MB/s   (min 154.46, max 154.46, spread 0.0%)
bench_mixed        read      167.76 M msg/s     3359.8 MB/s   (min 167.76, max 167.76, spread 0.0%)
bitpacker          write       0.06 M msg/s     3675.3 MB/s   (min 0.06, max 0.06, spread 0.0%)
bitpacker          read        0.06 M msg/s     3479.3 MB/s   (min 0.06, max 0.06, spread 0.0%)
OK (corpus_id 7a7c343f1a446f4c)
results: build/bench/pass-js-final-2/round-1-c.csv
===== leg round-1-js =====
== js: run ==
schema bench (js, node 26.7.0, production mode)
rigidbody_moving [flat] write      13.22 M msg/s     1324.1 MB/s   (min 13.22, max 13.22, spread 0.0%)
rigidbody_moving [flat] read       41.77 M msg/s     4182.6 MB/s   (min 41.77, max 41.77, spread 0.0%)
rigidbody_at_rest [flat] write      15.41 M msg/s      837.8 MB/s   (min 15.41, max 15.41, spread 0.0%)
rigidbody_at_rest [flat] read       68.05 M msg/s     3699.2 MB/s   (min 68.05, max 68.05, spread 0.0%)
chat [flat]        write      13.98 M msg/s      173.3 MB/s   (min 13.98, max 13.98, spread 0.0%)
chat [flat]        read       52.65 M msg/s      652.7 MB/s   (min 52.65, max 52.65, spread 0.0%)
test [flat]        write      21.50 M msg/s      123.0 MB/s   (min 21.50, max 21.50, spread 0.0%)
test [flat]        read       86.17 M msg/s      493.1 MB/s   (min 86.17, max 86.17, spread 0.0%)
inputpacket [flat] write       4.71 M msg/s      274.1 MB/s   (min 4.71, max 4.71, spread 0.0%)
inputpacket [flat] read       19.26 M msg/s     1120.5 MB/s   (min 19.26, max 19.26, spread 0.0%)
shipcreate [flat]  write       7.05 M msg/s      188.3 MB/s   (min 7.05, max 7.05, spread 0.0%)
shipcreate [flat]  read       39.66 M msg/s     1059.0 MB/s   (min 39.66, max 39.66, spread 0.0%)
probe_header [flat] write       8.82 M msg/s       84.1 MB/s   (min 8.82, max 8.82, spread 0.0%)
probe_header [flat] read       86.72 M msg/s      827.0 MB/s   (min 86.72, max 86.72, spread 0.0%)
probebits [flat]   write       4.61 M msg/s      114.4 MB/s   (min 4.61, max 4.61, spread 0.0%)
probebits [flat]   read       40.84 M msg/s     1012.6 MB/s   (min 40.84, max 40.84, spread 0.0%)
probearray [flat]  write       6.26 M msg/s      280.7 MB/s   (min 6.26, max 6.26, spread 0.0%)
probearray [flat]  read       21.49 M msg/s      963.4 MB/s   (min 21.49, max 21.49, spread 0.0%)
testdata [flat]    write       2.76 M msg/s      242.1 MB/s   (min 2.76, max 2.76, spread 0.0%)
testdata [flat]    read       11.22 M msg/s      984.2 MB/s   (min 11.22, max 11.22, spread 0.0%)
real_packet [flat] write       1.45 M msg/s      281.6 MB/s   (min 1.45, max 1.45, spread 0.0%)
real_packet [flat] read        6.05 M msg/s     1177.7 MB/s   (min 6.05, max 6.05, spread 0.0%)
rigidbody_moving [runtime] write       3.51 M msg/s      351.3 MB/s   (min 3.51, max 3.51, spread 0.0%)
rigidbody_moving [runtime] read        2.94 M msg/s      294.6 MB/s   (min 2.94, max 2.94, spread 0.0%)
rigidbody_at_rest [runtime] write       5.35 M msg/s      290.6 MB/s   (min 5.35, max 5.35, spread 0.0%)
rigidbody_at_rest [runtime] read        5.46 M msg/s      297.0 MB/s   (min 5.46, max 5.46, spread 0.0%)
chat [runtime]     write       5.96 M msg/s       73.8 MB/s   (min 5.96, max 5.96, spread 0.0%)
chat [runtime]     read       10.78 M msg/s      133.6 MB/s   (min 10.78, max 10.78, spread 0.0%)
test [runtime]     write      11.23 M msg/s       64.3 MB/s   (min 11.23, max 11.23, spread 0.0%)
test [runtime]     read       19.49 M msg/s      111.5 MB/s   (min 19.49, max 19.49, spread 0.0%)
inputpacket [runtime] write       1.95 M msg/s      113.6 MB/s   (min 1.95, max 1.95, spread 0.0%)
inputpacket [runtime] read        2.25 M msg/s      131.0 MB/s   (min 2.25, max 2.25, spread 0.0%)
shipcreate [runtime] write       3.45 M msg/s       92.1 MB/s   (min 3.45, max 3.45, spread 0.0%)
shipcreate [runtime] read        4.48 M msg/s      119.6 MB/s   (min 4.48, max 4.48, spread 0.0%)
probe_header [runtime] write       5.65 M msg/s       53.9 MB/s   (min 5.65, max 5.65, spread 0.0%)
probe_header [runtime] read        9.17 M msg/s       87.5 MB/s   (min 9.17, max 9.17, spread 0.0%)
probebits [runtime] write       2.90 M msg/s       71.9 MB/s   (min 2.90, max 2.90, spread 0.0%)
probebits [runtime] read        3.96 M msg/s       98.1 MB/s   (min 3.96, max 3.96, spread 0.0%)
probearray [runtime] write       2.16 M msg/s       97.0 MB/s   (min 2.16, max 2.16, spread 0.0%)
probearray [runtime] read        2.49 M msg/s      111.5 MB/s   (min 2.49, max 2.49, spread 0.0%)
testdata [runtime] write       1.25 M msg/s      109.6 MB/s   (min 1.25, max 1.25, spread 0.0%)
testdata [runtime] read        1.45 M msg/s      127.4 MB/s   (min 1.45, max 1.45, spread 0.0%)
real_packet [runtime] write       0.52 M msg/s      100.4 MB/s   (min 0.52, max 0.52, spread 0.0%)
real_packet [runtime] read        0.61 M msg/s      118.4 MB/s   (min 0.61, max 0.61, spread 0.0%)
ship_shallow [runtime] write       3.30 M msg/s       88.2 MB/s   (min 3.30, max 3.30, spread 0.0%)
ship_shallow [runtime] read        5.05 M msg/s      134.7 MB/s   (min 5.05, max 5.05, spread 0.0%)
message_batch [runtime] write      10.11 M msg/s      241.0 MB/s   (min 10.11, max 10.11, spread 0.0%)
message_batch [runtime] read        9.91 M msg/s      236.4 MB/s   (min 9.91, max 9.91, spread 0.0%)
bench_packet       write       3.41 M msg/s      159.4 MB/s   (min 3.41, max 3.41, spread 0.0%)
bench_packet       read        4.14 M msg/s      193.5 MB/s   (min 4.14, max 4.14, spread 0.0%)
bench_ints         write       5.86 M msg/s       78.3 MB/s   (min 5.86, max 5.86, spread 0.0%)
bench_ints         read        6.66 M msg/s       88.9 MB/s   (min 6.66, max 6.66, spread 0.0%)
bench_bits         write       4.12 M msg/s       78.6 MB/s   (min 4.12, max 4.12, spread 0.0%)
bench_bits         read        7.01 M msg/s      133.8 MB/s   (min 7.01, max 7.01, spread 0.0%)
bench_mixed        write       3.55 M msg/s       71.1 MB/s   (min 3.55, max 3.55, spread 0.0%)
bench_mixed        read        5.43 M msg/s      108.7 MB/s   (min 5.43, max 5.43, spread 0.0%)
bitpacker          write       0.01 M msg/s      390.5 MB/s   (min 0.01, max 0.01, spread 0.0%)
bitpacker          read        0.00 M msg/s      302.6 MB/s   (min 0.00, max 0.00, spread 0.0%)
OK (corpus_id 7a7c343f1a446f4c)
results: build/bench/pass-js-final-2/round-1-js.csv
===== leg round-2-cpp =====
== cpp: reusing build/bench/schema_bench_cpp ==
== cpp: run (Release) ==
schema bench (cpp, Release)
rigidbody_moving   write     616.98 M msg/s    61781.6 MB/s   (min 616.98, max 616.98, spread 0.0%)
rigidbody_moving   read      461.36 M msg/s    46198.4 MB/s   (min 461.36, max 461.36, spread 0.0%)
rigidbody_at_rest  write     722.63 M msg/s    39281.9 MB/s   (min 722.63, max 722.63, spread 0.0%)
rigidbody_at_rest  read      461.63 M msg/s    25093.8 MB/s   (min 461.63, max 461.63, spread 0.0%)
chat               write     129.10 M msg/s     1600.5 MB/s   (min 129.10, max 129.10, spread 0.0%)
chat               read      212.27 M msg/s     2631.7 MB/s   (min 212.27, max 212.27, spread 0.0%)
test               write     742.98 M msg/s     4251.4 MB/s   (min 742.98, max 742.98, spread 0.0%)
test               read     1039.34 M msg/s     5947.1 MB/s   (min 1039.34, max 1039.34, spread 0.0%)
inputpacket        write     111.73 M msg/s     6500.1 MB/s   (min 111.73, max 111.73, spread 0.0%)
inputpacket        read      292.30 M msg/s    17004.5 MB/s   (min 292.30, max 292.30, spread 0.0%)
shipcreate         write     453.62 M msg/s    12113.1 MB/s   (min 453.62, max 453.62, spread 0.0%)
shipcreate         read      248.74 M msg/s     6642.1 MB/s   (min 248.74, max 248.74, spread 0.0%)
ship_shallow       write     410.41 M msg/s    10959.0 MB/s   (min 410.41, max 410.41, spread 0.0%)
ship_shallow       read      282.43 M msg/s     7541.6 MB/s   (min 282.43, max 282.43, spread 0.0%)
probe_header       write    1047.84 M msg/s     9993.0 MB/s   (min 1047.84, max 1047.84, spread 0.0%)
probe_header       read     1428.96 M msg/s    13627.6 MB/s   (min 1428.96, max 1428.96, spread 0.0%)
probebits          write     583.63 M msg/s    14471.4 MB/s   (min 583.63, max 583.63, spread 0.0%)
probebits          read      772.54 M msg/s    19155.4 MB/s   (min 772.54, max 772.54, spread 0.0%)
probearray         write      82.45 M msg/s     3695.5 MB/s   (min 82.45, max 82.45, spread 0.0%)
probearray         read      140.91 M msg/s     6316.0 MB/s   (min 140.91, max 140.91, spread 0.0%)
testdata           write      47.23 M msg/s     4143.7 MB/s   (min 47.23, max 47.23, spread 0.0%)
testdata           read       69.41 M msg/s     6089.9 MB/s   (min 69.41, max 69.41, spread 0.0%)
real_packet        write      21.15 M msg/s     4115.1 MB/s   (min 21.15, max 21.15, spread 0.0%)
real_packet        read       26.66 M msg/s     5187.4 MB/s   (min 26.66, max 26.66, spread 0.0%)
message_batch      write      79.16 M msg/s     1887.2 MB/s   (min 79.16, max 79.16, spread 0.0%)
message_batch      read      152.77 M msg/s     3642.3 MB/s   (min 152.77, max 152.77, spread 0.0%)
bench_packet       write      92.57 M msg/s     4325.8 MB/s   (min 92.57, max 92.57, spread 0.0%)
bench_packet       read      136.78 M msg/s     6391.6 MB/s   (min 136.78, max 136.78, spread 0.0%)
bench_ints         write     185.55 M msg/s     2477.4 MB/s   (min 185.55, max 185.55, spread 0.0%)
bench_ints         read      191.59 M msg/s     2558.0 MB/s   (min 191.59, max 191.59, spread 0.0%)
bench_bits         write     181.47 M msg/s     3461.3 MB/s   (min 181.47, max 181.47, spread 0.0%)
bench_bits         read      240.57 M msg/s     4588.4 MB/s   (min 240.57, max 240.57, spread 0.0%)
bench_mixed        write     149.78 M msg/s     2999.7 MB/s   (min 149.78, max 149.78, spread 0.0%)
bench_mixed        read      190.84 M msg/s     3822.0 MB/s   (min 190.84, max 190.84, spread 0.0%)
bitpacker          write       0.06 M msg/s     3781.3 MB/s   (min 0.06, max 0.06, spread 0.0%)
bitpacker          read        0.09 M msg/s     5836.3 MB/s   (min 0.09, max 0.09, spread 0.0%)
OK (corpus_id 7a7c343f1a446f4c)
results: build/bench/pass-js-final-2/round-2-cpp.csv
===== leg round-2-c =====
== c: reusing build/bench/schema_bench_c ==
== c: run (Release) ==
schema bench (c, Release)
rigidbody_moving   write     613.42 M msg/s    61425.2 MB/s   (min 613.42, max 613.42, spread 0.0%)
rigidbody_moving   read      460.05 M msg/s    46067.7 MB/s   (min 460.05, max 460.05, spread 0.0%)
rigidbody_at_rest  write     806.43 M msg/s    43837.1 MB/s   (min 806.43, max 806.43, spread 0.0%)
rigidbody_at_rest  read      483.76 M msg/s    26296.7 MB/s   (min 483.76, max 483.76, spread 0.0%)
chat               write     122.95 M msg/s     1524.3 MB/s   (min 122.95, max 122.95, spread 0.0%)
chat               read      226.23 M msg/s     2804.7 MB/s   (min 226.23, max 226.23, spread 0.0%)
test               write     741.54 M msg/s     4243.2 MB/s   (min 741.54, max 741.54, spread 0.0%)
test               read     1040.76 M msg/s     5955.3 MB/s   (min 1040.76, max 1040.76, spread 0.0%)
inputpacket        write     101.40 M msg/s     5898.9 MB/s   (min 101.40, max 101.40, spread 0.0%)
inputpacket        read      242.85 M msg/s    14127.7 MB/s   (min 242.85, max 242.85, spread 0.0%)
shipcreate         write     446.80 M msg/s    11930.7 MB/s   (min 446.80, max 446.80, spread 0.0%)
shipcreate         read      253.74 M msg/s     6775.7 MB/s   (min 253.74, max 253.74, spread 0.0%)
ship_shallow       write     418.44 M msg/s    11173.5 MB/s   (min 418.44, max 418.44, spread 0.0%)
ship_shallow       read      286.11 M msg/s     7640.0 MB/s   (min 286.11, max 286.11, spread 0.0%)
probe_header       write    1042.23 M msg/s     9939.4 MB/s   (min 1042.23, max 1042.23, spread 0.0%)
probe_header       read     1401.48 M msg/s    13365.6 MB/s   (min 1401.48, max 1401.48, spread 0.0%)
probebits          write     581.22 M msg/s    14411.6 MB/s   (min 581.22, max 581.22, spread 0.0%)
probebits          read      779.04 M msg/s    19316.8 MB/s   (min 779.04, max 779.04, spread 0.0%)
probearray         write      78.93 M msg/s     3537.7 MB/s   (min 78.93, max 78.93, spread 0.0%)
probearray         read      141.43 M msg/s     6339.4 MB/s   (min 141.43, max 141.43, spread 0.0%)
testdata           write      37.03 M msg/s     3248.8 MB/s   (min 37.03, max 37.03, spread 0.0%)
testdata           read       54.02 M msg/s     4739.8 MB/s   (min 54.02, max 54.02, spread 0.0%)
real_packet        write      25.62 M msg/s     4984.2 MB/s   (min 25.62, max 25.62, spread 0.0%)
real_packet        read       30.03 M msg/s     5841.5 MB/s   (min 30.03, max 30.03, spread 0.0%)
message_batch      write     171.56 M msg/s     4090.3 MB/s   (min 171.56, max 171.56, spread 0.0%)
message_batch      read      152.83 M msg/s     3643.6 MB/s   (min 152.83, max 152.83, spread 0.0%)
bench_packet       write     118.64 M msg/s     5543.9 MB/s   (min 118.64, max 118.64, spread 0.0%)
bench_packet       read      140.53 M msg/s     6566.9 MB/s   (min 140.53, max 140.53, spread 0.0%)
bench_ints         write     190.84 M msg/s     2547.9 MB/s   (min 190.84, max 190.84, spread 0.0%)
bench_ints         read      178.73 M msg/s     2386.3 MB/s   (min 178.73, max 178.73, spread 0.0%)
bench_bits         write     191.27 M msg/s     3648.2 MB/s   (min 191.27, max 191.27, spread 0.0%)
bench_bits         read      224.24 M msg/s     4277.1 MB/s   (min 224.24, max 224.24, spread 0.0%)
bench_mixed        write     158.76 M msg/s     3179.4 MB/s   (min 158.76, max 158.76, spread 0.0%)
bench_mixed        read      172.60 M msg/s     3456.6 MB/s   (min 172.60, max 172.60, spread 0.0%)
bitpacker          write       0.06 M msg/s     3782.5 MB/s   (min 0.06, max 0.06, spread 0.0%)
bitpacker          read        0.06 M msg/s     3586.3 MB/s   (min 0.06, max 0.06, spread 0.0%)
OK (corpus_id 7a7c343f1a446f4c)
results: build/bench/pass-js-final-2/round-2-c.csv
===== leg round-2-js =====
== js: run ==
schema bench (js, node 26.7.0, production mode)
rigidbody_moving [flat] write      13.71 M msg/s     1373.1 MB/s   (min 13.71, max 13.71, spread 0.0%)
rigidbody_moving [flat] read       47.60 M msg/s     4766.1 MB/s   (min 47.60, max 47.60, spread 0.0%)
rigidbody_at_rest [flat] write      15.91 M msg/s      864.7 MB/s   (min 15.91, max 15.91, spread 0.0%)
rigidbody_at_rest [flat] read       70.79 M msg/s     3848.2 MB/s   (min 70.79, max 70.79, spread 0.0%)
chat [flat]        write      14.62 M msg/s      181.3 MB/s   (min 14.62, max 14.62, spread 0.0%)
chat [flat]        read       54.54 M msg/s      676.2 MB/s   (min 54.54, max 54.54, spread 0.0%)
test [flat]        write      21.99 M msg/s      125.8 MB/s   (min 21.99, max 21.99, spread 0.0%)
test [flat]        read       88.19 M msg/s      504.6 MB/s   (min 88.19, max 88.19, spread 0.0%)
inputpacket [flat] write       4.90 M msg/s      285.0 MB/s   (min 4.90, max 4.90, spread 0.0%)
inputpacket [flat] read       19.64 M msg/s     1142.6 MB/s   (min 19.64, max 19.64, spread 0.0%)
shipcreate [flat]  write       7.31 M msg/s      195.2 MB/s   (min 7.31, max 7.31, spread 0.0%)
shipcreate [flat]  read       40.78 M msg/s     1088.8 MB/s   (min 40.78, max 40.78, spread 0.0%)
probe_header [flat] write       9.03 M msg/s       86.1 MB/s   (min 9.03, max 9.03, spread 0.0%)
probe_header [flat] read       85.85 M msg/s      818.7 MB/s   (min 85.85, max 85.85, spread 0.0%)
probebits [flat]   write       4.63 M msg/s      114.7 MB/s   (min 4.63, max 4.63, spread 0.0%)
probebits [flat]   read       41.03 M msg/s     1017.3 MB/s   (min 41.03, max 41.03, spread 0.0%)
probearray [flat]  write       6.28 M msg/s      281.7 MB/s   (min 6.28, max 6.28, spread 0.0%)
probearray [flat]  read       21.30 M msg/s      954.6 MB/s   (min 21.30, max 21.30, spread 0.0%)
testdata [flat]    write       2.75 M msg/s      241.4 MB/s   (min 2.75, max 2.75, spread 0.0%)
testdata [flat]    read       11.27 M msg/s      988.6 MB/s   (min 11.27, max 11.27, spread 0.0%)
real_packet [flat] write       1.45 M msg/s      281.3 MB/s   (min 1.45, max 1.45, spread 0.0%)
real_packet [flat] read        6.05 M msg/s     1176.6 MB/s   (min 6.05, max 6.05, spread 0.0%)
rigidbody_moving [runtime] write       3.51 M msg/s      351.8 MB/s   (min 3.51, max 3.51, spread 0.0%)
rigidbody_moving [runtime] read        2.94 M msg/s      294.3 MB/s   (min 2.94, max 2.94, spread 0.0%)
rigidbody_at_rest [runtime] write       5.36 M msg/s      291.3 MB/s   (min 5.36, max 5.36, spread 0.0%)
rigidbody_at_rest [runtime] read        5.49 M msg/s      298.5 MB/s   (min 5.49, max 5.49, spread 0.0%)
chat [runtime]     write       5.92 M msg/s       73.3 MB/s   (min 5.92, max 5.92, spread 0.0%)
chat [runtime]     read       11.10 M msg/s      137.6 MB/s   (min 11.10, max 11.10, spread 0.0%)
test [runtime]     write      11.26 M msg/s       64.4 MB/s   (min 11.26, max 11.26, spread 0.0%)
test [runtime]     read       19.55 M msg/s      111.8 MB/s   (min 19.55, max 19.55, spread 0.0%)
inputpacket [runtime] write       1.96 M msg/s      113.8 MB/s   (min 1.96, max 1.96, spread 0.0%)
inputpacket [runtime] read        2.27 M msg/s      131.9 MB/s   (min 2.27, max 2.27, spread 0.0%)
shipcreate [runtime] write       3.46 M msg/s       92.3 MB/s   (min 3.46, max 3.46, spread 0.0%)
shipcreate [runtime] read        4.61 M msg/s      123.1 MB/s   (min 4.61, max 4.61, spread 0.0%)
probe_header [runtime] write       5.91 M msg/s       56.3 MB/s   (min 5.91, max 5.91, spread 0.0%)
probe_header [runtime] read        9.17 M msg/s       87.5 MB/s   (min 9.17, max 9.17, spread 0.0%)
probebits [runtime] write       2.87 M msg/s       71.3 MB/s   (min 2.87, max 2.87, spread 0.0%)
probebits [runtime] read        3.93 M msg/s       97.4 MB/s   (min 3.93, max 3.93, spread 0.0%)
probearray [runtime] write       2.16 M msg/s       96.6 MB/s   (min 2.16, max 2.16, spread 0.0%)
probearray [runtime] read        0.06 M msg/s        2.8 MB/s   (min 0.06, max 0.06, spread 0.0%)
testdata [runtime] write       0.02 M msg/s        1.5 MB/s   (min 0.02, max 0.02, spread 0.0%)
testdata [runtime] read        1.43 M msg/s      125.4 MB/s   (min 1.43, max 1.43, spread 0.0%)
real_packet [runtime] write       0.48 M msg/s       92.9 MB/s   (min 0.48, max 0.48, spread 0.0%)
real_packet [runtime] read        0.58 M msg/s      113.8 MB/s   (min 0.58, max 0.58, spread 0.0%)
ship_shallow [runtime] write       3.24 M msg/s       86.4 MB/s   (min 3.24, max 3.24, spread 0.0%)
ship_shallow [runtime] read        4.89 M msg/s      130.5 MB/s   (min 4.89, max 4.89, spread 0.0%)
message_batch [runtime] write       9.85 M msg/s      234.8 MB/s   (min 9.85, max 9.85, spread 0.0%)
message_batch [runtime] read        9.68 M msg/s      230.7 MB/s   (min 9.68, max 9.68, spread 0.0%)
bench_packet       write       3.27 M msg/s      152.9 MB/s   (min 3.27, max 3.27, spread 0.0%)
bench_packet       read        4.06 M msg/s      189.8 MB/s   (min 4.06, max 4.06, spread 0.0%)
bench_ints         write       5.77 M msg/s       77.0 MB/s   (min 5.77, max 5.77, spread 0.0%)
bench_ints         read        6.42 M msg/s       85.7 MB/s   (min 6.42, max 6.42, spread 0.0%)
bench_bits         write       4.01 M msg/s       76.4 MB/s   (min 4.01, max 4.01, spread 0.0%)
bench_bits         read        6.92 M msg/s      132.1 MB/s   (min 6.92, max 6.92, spread 0.0%)
bench_mixed        write       3.62 M msg/s       72.4 MB/s   (min 3.62, max 3.62, spread 0.0%)
bench_mixed        read        5.43 M msg/s      108.8 MB/s   (min 5.43, max 5.43, spread 0.0%)
bitpacker          write       0.01 M msg/s      369.9 MB/s   (min 0.01, max 0.01, spread 0.0%)
bitpacker          read        0.00 M msg/s      298.0 MB/s   (min 0.00, max 0.00, spread 0.0%)
OK (corpus_id 7a7c343f1a446f4c)
results: build/bench/pass-js-final-2/round-2-js.csv
===== leg control-end =====
== cpp: reusing build/bench/schema_bench_cpp ==
== cpp: run (Release) ==
schema bench (cpp, Release)
rigidbody_moving   write     609.24 M msg/s    61007.1 MB/s   (min 600.84, max 614.84, spread 2.3%)
rigidbody_moving   read      459.84 M msg/s    46046.4 MB/s   (min 452.71, max 460.88, spread 1.8%)
rigidbody_at_rest  write     817.67 M msg/s    44447.9 MB/s   (min 806.72, max 825.89, spread 2.3%)
rigidbody_at_rest  read      480.99 M msg/s    26146.2 MB/s   (min 479.53, max 483.01, spread 0.7%)
chat               write     125.90 M msg/s     1560.9 MB/s   (min 115.44, max 126.38, spread 8.7%)
chat               read      210.34 M msg/s     2607.7 MB/s   (min 209.10, max 211.06, spread 0.9%)
test               write     750.31 M msg/s     4293.3 MB/s   (min 747.11, max 751.69, spread 0.6%)
test               read     1025.30 M msg/s     5866.8 MB/s   (min 1017.29, max 1027.54, spread 1.0%)
inputpacket        write     110.56 M msg/s     6431.9 MB/s   (min 110.45, max 110.87, spread 0.4%)
inputpacket        read      288.89 M msg/s    16806.0 MB/s   (min 287.45, max 289.70, spread 0.8%)
shipcreate         write     453.12 M msg/s    12099.6 MB/s   (min 449.88, max 455.65, spread 1.3%)
shipcreate         read      246.45 M msg/s     6580.8 MB/s   (min 244.69, max 248.83, spread 1.7%)
ship_shallow       write     409.51 M msg/s    10935.0 MB/s   (min 398.56, max 410.29, spread 2.9%)
ship_shallow       read      278.50 M msg/s     7436.8 MB/s   (min 275.49, max 279.77, spread 1.5%)
probe_header       write    1024.65 M msg/s     9771.8 MB/s   (min 877.92, max 1038.64, spread 15.7%)
probe_header       read     1412.19 M msg/s    13467.7 MB/s   (min 1406.91, max 1416.77, spread 0.7%)
probebits          write     580.49 M msg/s    14393.5 MB/s   (min 576.13, max 583.86, spread 1.3%)
probebits          read      762.33 M msg/s    18902.4 MB/s   (min 754.63, max 767.59, spread 1.7%)
probearray         write      81.42 M msg/s     3649.6 MB/s   (min 69.67, max 81.86, spread 15.0%)
probearray         read      139.63 M msg/s     6258.8 MB/s   (min 139.12, max 139.70, spread 0.4%)
testdata           write      46.61 M msg/s     4089.4 MB/s   (min 46.45, max 46.71, spread 0.6%)
testdata           read       68.93 M msg/s     6047.9 MB/s   (min 68.69, max 69.46, spread 1.1%)
real_packet        write      20.88 M msg/s     4062.0 MB/s   (min 19.07, max 20.93, spread 8.9%)
real_packet        read       26.37 M msg/s     5129.7 MB/s   (min 26.22, max 26.44, spread 0.9%)
message_batch      write      87.14 M msg/s     2077.7 MB/s   (min 82.12, max 88.64, spread 7.5%)
message_batch      read      156.53 M msg/s     3731.9 MB/s   (min 138.35, max 159.77, spread 13.7%)
bench_packet       write      92.45 M msg/s     4320.0 MB/s   (min 92.20, max 92.66, spread 0.5%)
bench_packet       read      132.63 M msg/s     6197.8 MB/s   (min 127.84, max 134.14, spread 4.7%)
bench_ints         write     183.85 M msg/s     2454.6 MB/s   (min 180.25, max 185.62, spread 2.9%)
bench_ints         read      187.39 M msg/s     2502.0 MB/s   (min 182.29, max 189.48, spread 3.8%)
bench_bits         write     186.88 M msg/s     3564.5 MB/s   (min 185.50, max 187.56, spread 1.1%)
bench_bits         read      229.78 M msg/s     4382.7 MB/s   (min 220.33, max 231.37, spread 4.8%)
bench_mixed        write     151.44 M msg/s     3033.0 MB/s   (min 150.58, max 152.62, spread 1.3%)
bench_mixed        read      182.89 M msg/s     3662.8 MB/s   (min 182.47, max 187.58, spread 2.8%)
bitpacker          write       0.06 M msg/s     3727.1 MB/s   (min 0.06, max 0.06, spread 7.9%)
bitpacker          read        0.09 M msg/s     5763.3 MB/s   (min 0.09, max 0.09, spread 0.5%)
OK (corpus_id 7a7c343f1a446f4c)
results: build/bench/pass-js-final-2/control-end.csv
