boundary pre-control-A 2026-08-17T12:53:05Z load=1.46 1.30 1.41
boundary r0-cpp 2026-08-17T12:54:18Z load=2.18 1.54 1.48
boundary r0-c 2026-08-17T12:54:39Z load=2.04 1.55 1.49
boundary r0-go 2026-08-17T12:55:01Z load=2.04 1.60 1.51
boundary r0-rust 2026-08-17T12:56:41Z load=2.08 1.76 1.58
boundary r0-cs 2026-08-17T12:57:28Z load=2.22 1.84 1.62
boundary r0-js 2026-08-17T12:58:40Z load=1.88 1.84 1.63
boundary r0-js-retry 2026-08-17T13:09:12Z load=1.72 2.15 1.99
boundary r1-cpp 2026-08-17T13:22:46Z load=1.64 1.90 1.93
boundary r1-c 2026-08-17T13:23:08Z load=1.48 1.84 1.90
boundary r1-go 2026-08-17T13:23:29Z load=1.61 1.85 1.90
boundary r1-rust 2026-08-17T13:25:05Z load=1.86 1.92 1.92
boundary r1-cs 2026-08-17T13:25:51Z load=1.56 1.83 1.89
boundary r1-js 2026-08-17T13:27:01Z load=1.78 1.86 1.90
boundary r2-cpp 2026-08-17T13:41:04Z load=1.90 2.09 2.04
boundary r2-c 2026-08-17T13:41:25Z load=2.04 2.11 2.05
boundary r2-go 2026-08-17T13:41:46Z load=1.81 2.05 2.03
boundary r2-rust 2026-08-17T13:43:23Z load=1.86 2.02 2.02
boundary r2-cs 2026-08-17T13:44:09Z load=2.05 2.07 2.04
boundary r2-js 2026-08-17T13:45:20Z load=1.93 2.01 2.01
boundary control-B 2026-08-17T13:58:57Z load=1.72 2.02 2.03
