== cpp: build (Release) ==
== cpp: run (Release) ==
schema bench (cpp, Release)
rigidbody_moving   write     628.83 M msg/s    62968.6 MB/s   (min 584.78, max 631.35, spread 7.4%)
rigidbody_moving   read      474.25 M msg/s    47489.9 MB/s   (min 472.38, max 474.86, spread 0.5%)
rigidbody_at_rest  write     839.68 M msg/s    45644.4 MB/s   (min 823.35, max 843.43, spread 2.4%)
rigidbody_at_rest  read      498.54 M msg/s    27100.2 MB/s   (min 497.89, max 499.03, spread 0.2%)
chat               write     131.38 M msg/s     1628.8 MB/s   (min 130.33, max 132.48, spread 1.6%)
chat               read      218.34 M msg/s     2707.0 MB/s   (min 218.02, max 218.43, spread 0.2%)
test               write     761.61 M msg/s     4357.9 MB/s   (min 759.17, max 765.55, spread 0.8%)
test               read     1062.02 M msg/s     6076.9 MB/s   (min 1042.40, max 1072.14, spread 2.8%)
inputpacket        write     114.95 M msg/s     6686.8 MB/s   (min 114.80, max 115.13, spread 0.3%)
inputpacket        read      296.43 M msg/s    17244.4 MB/s   (min 291.19, max 299.46, spread 2.8%)
shipcreate         write     469.89 M msg/s    12547.3 MB/s   (min 466.91, max 473.73, spread 1.5%)
shipcreate         read      257.13 M msg/s     6866.0 MB/s   (min 254.34, max 258.10, spread 1.5%)
ship_shallow       write     424.16 M msg/s    11326.3 MB/s   (min 423.02, max 424.94, spread 0.5%)
ship_shallow       read      290.25 M msg/s     7750.6 MB/s   (min 288.67, max 291.00, spread 0.8%)
probe_header       write    1066.04 M msg/s    10166.5 MB/s   (min 1056.35, max 1081.44, spread 2.4%)
probe_header       read     1431.09 M msg/s    13647.9 MB/s   (min 1420.73, max 1453.18, spread 2.3%)
probebits          write     598.88 M msg/s    14849.5 MB/s   (min 596.82, max 600.47, spread 0.6%)
probebits          read      773.42 M msg/s    19177.3 MB/s   (min 770.77, max 776.35, spread 0.7%)
probearray         write      85.20 M msg/s     3819.0 MB/s   (min 84.52, max 85.28, spread 0.9%)
probearray         read      141.05 M msg/s     6322.1 MB/s   (min 140.85, max 144.88, spread 2.9%)
testdata           write      48.50 M msg/s     4255.5 MB/s   (min 48.40, max 48.54, spread 0.3%)
testdata           read       71.48 M msg/s     6271.5 MB/s   (min 71.06, max 71.91, spread 1.2%)
real_packet        write      21.72 M msg/s     4224.9 MB/s   (min 21.14, max 21.74, spread 2.8%)
real_packet        read       27.40 M msg/s     5331.4 MB/s   (min 27.32, max 27.43, spread 0.4%)
message_batch      write      84.83 M msg/s     2022.5 MB/s   (min 77.02, max 89.70, spread 14.9%)
message_batch      read      151.53 M msg/s     3612.8 MB/s   (min 148.93, max 153.64, spread 3.1%)
bench_packet       write      92.89 M msg/s     4340.7 MB/s   (min 92.62, max 93.29, spread 0.7%)
bench_packet       read      136.60 M msg/s     6383.2 MB/s   (min 135.72, max 137.51, spread 1.3%)
bench_ints         write     183.79 M msg/s     2453.8 MB/s   (min 182.05, max 186.85, spread 2.6%)
bench_ints         read      194.38 M msg/s     2595.2 MB/s   (min 191.54, max 196.42, spread 2.5%)
bench_bits         write     188.50 M msg/s     3595.4 MB/s   (min 180.46, max 190.63, spread 5.4%)
bench_bits         read      217.50 M msg/s     4148.6 MB/s   (min 209.88, max 228.59, spread 8.6%)
bench_mixed        write     153.86 M msg/s     3081.5 MB/s   (min 149.20, max 154.18, spread 3.2%)
bench_mixed        read      183.63 M msg/s     3677.6 MB/s   (min 174.13, max 188.11, spread 7.6%)
bitpacker          write       0.06 M msg/s     3884.7 MB/s   (min 0.06, max 0.06, spread 1.1%)
bitpacker          read        0.10 M msg/s     6000.0 MB/s   (min 0.10, max 0.10, spread 0.3%)
OK (corpus_id 7a7c343f1a446f4c)
results: /Users/glenn/rowan-working/scratch-schema-js/build/bench/pass-sixlang-air-1/control-start.csv
== cpp: reusing build/bench/schema_bench_cpp ==
== cpp: run (Release) ==
schema bench (cpp, Release)
rigidbody_moving   write     625.87 M msg/s    62672.2 MB/s   (min 625.87, max 625.87, spread 0.0%)
rigidbody_moving   read      474.74 M msg/s    47538.2 MB/s   (min 474.74, max 474.74, spread 0.0%)
rigidbody_at_rest  write     851.10 M msg/s    46265.3 MB/s   (min 851.10, max 851.10, spread 0.0%)
rigidbody_at_rest  read      498.55 M msg/s    27100.7 MB/s   (min 498.55, max 498.55, spread 0.0%)
chat               write     132.41 M msg/s     1641.6 MB/s   (min 132.41, max 132.41, spread 0.0%)
chat               read      218.47 M msg/s     2708.5 MB/s   (min 218.47, max 218.47, spread 0.0%)
test               write     761.05 M msg/s     4354.8 MB/s   (min 761.05, max 761.05, spread 0.0%)
test               read     1045.45 M msg/s     5982.1 MB/s   (min 1045.45, max 1045.45, spread 0.0%)
inputpacket        write     115.06 M msg/s     6693.3 MB/s   (min 115.06, max 115.06, spread 0.0%)
inputpacket        read      291.14 M msg/s    16936.9 MB/s   (min 291.14, max 291.14, spread 0.0%)
shipcreate         write     468.20 M msg/s    12502.2 MB/s   (min 468.20, max 468.20, spread 0.0%)
shipcreate         read      258.05 M msg/s     6890.6 MB/s   (min 258.05, max 258.05, spread 0.0%)
ship_shallow       write     424.28 M msg/s    11329.4 MB/s   (min 424.28, max 424.28, spread 0.0%)
ship_shallow       read      290.15 M msg/s     7747.9 MB/s   (min 290.15, max 290.15, spread 0.0%)
probe_header       write    1083.14 M msg/s    10329.7 MB/s   (min 1083.14, max 1083.14, spread 0.0%)
probe_header       read     1426.43 M msg/s    13603.5 MB/s   (min 1426.43, max 1426.43, spread 0.0%)
probebits          write     600.50 M msg/s    14889.7 MB/s   (min 600.50, max 600.50, spread 0.0%)
probebits          read      780.79 M msg/s    19360.0 MB/s   (min 780.79, max 780.79, spread 0.0%)
probearray         write      85.02 M msg/s     3810.9 MB/s   (min 85.02, max 85.02, spread 0.0%)
probearray         read      144.96 M msg/s     6497.4 MB/s   (min 144.96, max 144.96, spread 0.0%)
testdata           write      48.55 M msg/s     4259.6 MB/s   (min 48.55, max 48.55, spread 0.0%)
testdata           read       71.43 M msg/s     6266.9 MB/s   (min 71.43, max 71.43, spread 0.0%)
real_packet        write      21.74 M msg/s     4228.7 MB/s   (min 21.74, max 21.74, spread 0.0%)
real_packet        read       27.16 M msg/s     5284.9 MB/s   (min 27.16, max 27.16, spread 0.0%)
message_batch      write      88.38 M msg/s     2107.2 MB/s   (min 88.38, max 88.38, spread 0.0%)
message_batch      read      154.81 M msg/s     3691.0 MB/s   (min 154.81, max 154.81, spread 0.0%)
bench_packet       write      93.03 M msg/s     4347.2 MB/s   (min 93.03, max 93.03, spread 0.0%)
bench_packet       read      137.62 M msg/s     6431.2 MB/s   (min 137.62, max 137.62, spread 0.0%)
bench_ints         write     185.78 M msg/s     2480.5 MB/s   (min 185.78, max 185.78, spread 0.0%)
bench_ints         read      185.77 M msg/s     2480.3 MB/s   (min 185.77, max 185.77, spread 0.0%)
bench_bits         write     181.06 M msg/s     3453.4 MB/s   (min 181.06, max 181.06, spread 0.0%)
bench_bits         read      237.03 M msg/s     4521.0 MB/s   (min 237.03, max 237.03, spread 0.0%)
bench_mixed        write     152.16 M msg/s     3047.3 MB/s   (min 152.16, max 152.16, spread 0.0%)
bench_mixed        read      180.46 M msg/s     3614.1 MB/s   (min 180.46, max 180.46, spread 0.0%)
bitpacker          write       0.06 M msg/s     3883.9 MB/s   (min 0.06, max 0.06, spread 0.0%)
bitpacker          read        0.10 M msg/s     5992.7 MB/s   (min 0.10, max 0.10, spread 0.0%)
OK (corpus_id 7a7c343f1a446f4c)
results: /Users/glenn/rowan-working/scratch-schema-js/build/bench/pass-sixlang-air-1/round-0-cpp.csv
== c: build (Release) ==
== c: run (Release) ==
schema bench (c, Release)
rigidbody_moving   write     577.27 M msg/s    57805.4 MB/s   (min 577.27, max 577.27, spread 0.0%)
rigidbody_moving   read      473.75 M msg/s    47439.0 MB/s   (min 473.75, max 473.75, spread 0.0%)
rigidbody_at_rest  write     847.86 M msg/s    46089.3 MB/s   (min 847.86, max 847.86, spread 0.0%)
rigidbody_at_rest  read      498.74 M msg/s    27111.1 MB/s   (min 498.74, max 498.74, spread 0.0%)
chat               write     127.00 M msg/s     1574.6 MB/s   (min 127.00, max 127.00, spread 0.0%)
chat               read      233.11 M msg/s     2890.0 MB/s   (min 233.11, max 233.11, spread 0.0%)
test               write     765.26 M msg/s     4378.8 MB/s   (min 765.26, max 765.26, spread 0.0%)
test               read     1066.93 M msg/s     6105.0 MB/s   (min 1066.93, max 1066.93, spread 0.0%)
inputpacket        write     104.51 M msg/s     6079.5 MB/s   (min 104.51, max 104.51, spread 0.0%)
inputpacket        read      249.68 M msg/s    14525.1 MB/s   (min 249.68, max 249.68, spread 0.0%)
shipcreate         write     459.62 M msg/s    12273.3 MB/s   (min 459.62, max 459.62, spread 0.0%)
shipcreate         read      258.53 M msg/s     6903.5 MB/s   (min 258.53, max 258.53, spread 0.0%)
ship_shallow       write     433.44 M msg/s    11574.1 MB/s   (min 433.44, max 433.44, spread 0.0%)
ship_shallow       read      294.21 M msg/s     7856.3 MB/s   (min 294.21, max 294.21, spread 0.0%)
probe_header       write    1071.70 M msg/s    10220.5 MB/s   (min 1071.70, max 1071.70, spread 0.0%)
probe_header       read     1430.01 M msg/s    13637.6 MB/s   (min 1430.01, max 1430.01, spread 0.0%)
probebits          write     594.14 M msg/s    14731.9 MB/s   (min 594.14, max 594.14, spread 0.0%)
probebits          read      776.93 M msg/s    19264.5 MB/s   (min 776.93, max 776.93, spread 0.0%)
probearray         write      81.25 M msg/s     3642.0 MB/s   (min 81.25, max 81.25, spread 0.0%)
probearray         read      141.43 M msg/s     6339.3 MB/s   (min 141.43, max 141.43, spread 0.0%)
testdata           write      37.69 M msg/s     3306.5 MB/s   (min 37.69, max 37.69, spread 0.0%)
testdata           read       61.50 M msg/s     5395.5 MB/s   (min 61.50, max 61.50, spread 0.0%)
real_packet        write      26.34 M msg/s     5123.6 MB/s   (min 26.34, max 26.34, spread 0.0%)
real_packet        read       30.88 M msg/s     6008.3 MB/s   (min 30.88, max 30.88, spread 0.0%)
message_batch      write     168.48 M msg/s     4016.8 MB/s   (min 168.48, max 168.48, spread 0.0%)
message_batch      read      140.22 M msg/s     3343.2 MB/s   (min 140.22, max 140.22, spread 0.0%)
bench_packet       write     118.13 M msg/s     5520.0 MB/s   (min 118.13, max 118.13, spread 0.0%)
bench_packet       read      140.69 M msg/s     6574.5 MB/s   (min 140.69, max 140.69, spread 0.0%)
bench_ints         write     191.33 M msg/s     2554.6 MB/s   (min 191.33, max 191.33, spread 0.0%)
bench_ints         read      178.82 M msg/s     2387.5 MB/s   (min 178.82, max 178.82, spread 0.0%)
bench_bits         write     192.42 M msg/s     3670.1 MB/s   (min 192.42, max 192.42, spread 0.0%)
bench_bits         read      225.16 M msg/s     4294.6 MB/s   (min 225.16, max 225.16, spread 0.0%)
bench_mixed        write     159.39 M msg/s     3192.2 MB/s   (min 159.39, max 159.39, spread 0.0%)
bench_mixed        read      174.06 M msg/s     3485.8 MB/s   (min 174.06, max 174.06, spread 0.0%)
bitpacker          write       0.06 M msg/s     3892.1 MB/s   (min 0.06, max 0.06, spread 0.0%)
bitpacker          read        0.06 M msg/s     3689.8 MB/s   (min 0.06, max 0.06, spread 0.0%)
OK (corpus_id 7a7c343f1a446f4c)
results: /Users/glenn/rowan-working/scratch-schema-js/build/bench/pass-sixlang-air-1/round-0-c.csv
== go: run ==
schema bench (go)
rigidbody_moving   write      18.40 M msg/s     1842.0 MB/s   (min 18.40, max 18.40, spread 0.0%)
rigidbody_moving   read       24.83 M msg/s     2486.7 MB/s   (min 24.83, max 24.83, spread 0.0%)
alloc note: rigidbody_moving one pass (256 ops/path): write 0 allocs, read 0 allocs
rigidbody_at_rest  write      31.93 M msg/s     1735.7 MB/s   (min 31.93, max 31.93, spread 0.0%)
rigidbody_at_rest  read       42.21 M msg/s     2294.7 MB/s   (min 42.21, max 42.21, spread 0.0%)
alloc note: rigidbody_at_rest one pass (256 ops/path): write 0 allocs, read 0 allocs
chat               write      34.78 M msg/s      431.2 MB/s   (min 34.78, max 34.78, spread 0.0%)
chat               read       74.33 M msg/s      921.5 MB/s   (min 74.33, max 74.33, spread 0.0%)
alloc note: chat one pass (256 ops/path): write 0 allocs, read 0 allocs
test               write     109.08 M msg/s      624.2 MB/s   (min 109.08, max 109.08, spread 0.0%)
test               read       86.92 M msg/s      497.4 MB/s   (min 86.92, max 86.92, spread 0.0%)
alloc note: test one pass (256 ops/path): write 0 allocs, read 0 allocs
inputpacket        write      16.82 M msg/s      978.5 MB/s   (min 16.82, max 16.82, spread 0.0%)
inputpacket        read       16.81 M msg/s      977.6 MB/s   (min 16.81, max 16.81, spread 0.0%)
alloc note: inputpacket one pass (256 ops/path): write 0 allocs, read 0 allocs
shipcreate         write      32.15 M msg/s      858.4 MB/s   (min 32.15, max 32.15, spread 0.0%)
shipcreate         read       22.74 M msg/s      607.1 MB/s   (min 22.74, max 22.74, spread 0.0%)
alloc note: shipcreate one pass (256 ops/path): write 0 allocs, read 0 allocs
ship_shallow       write      35.76 M msg/s      955.0 MB/s   (min 35.76, max 35.76, spread 0.0%)
ship_shallow       read       26.61 M msg/s      710.5 MB/s   (min 26.61, max 26.61, spread 0.0%)
alloc note: ship_shallow one pass (256 ops/path): write 0 allocs, read 0 allocs
probe_header       write      86.76 M msg/s      827.4 MB/s   (min 86.76, max 86.76, spread 0.0%)
probe_header       read       66.33 M msg/s      632.6 MB/s   (min 66.33, max 66.33, spread 0.0%)
alloc note: probe_header one pass (256 ops/path): write 0 allocs, read 0 allocs
probebits          write      63.32 M msg/s     1570.1 MB/s   (min 63.32, max 63.32, spread 0.0%)
probebits          read       64.59 M msg/s     1601.4 MB/s   (min 64.59, max 64.59, spread 0.0%)
alloc note: probebits one pass (256 ops/path): write 0 allocs, read 0 allocs
probearray         write      20.55 M msg/s      921.3 MB/s   (min 20.55, max 20.55, spread 0.0%)
probearray         read       17.52 M msg/s      785.1 MB/s   (min 17.52, max 17.52, spread 0.0%)
alloc note: probearray one pass (256 ops/path): write 0 allocs, read 0 allocs
testdata           write       9.46 M msg/s      830.2 MB/s   (min 9.46, max 9.46, spread 0.0%)
testdata           read       10.73 M msg/s      941.9 MB/s   (min 10.73, max 10.73, spread 0.0%)
alloc note: testdata one pass (256 ops/path): write 0 allocs, read 0 allocs
message_batch      write      40.71 M msg/s      970.7 MB/s   (min 40.71, max 40.71, spread 0.0%)
message_batch      read       38.00 M msg/s      905.9 MB/s   (min 38.00, max 38.00, spread 0.0%)
alloc note: message_batch one pass (4096 msgs): write 0 allocs, read 0 allocs
bench_packet       write      27.47 M msg/s     1283.6 MB/s   (min 27.47, max 27.47, spread 0.0%)
bench_packet       read       34.38 M msg/s     1606.7 MB/s   (min 34.38, max 34.38, spread 0.0%)
bench_ints         write      44.67 M msg/s      596.4 MB/s   (min 44.67, max 44.67, spread 0.0%)
bench_ints         read       39.77 M msg/s      530.9 MB/s   (min 39.77, max 39.77, spread 0.0%)
bench_bits         write      61.02 M msg/s     1163.8 MB/s   (min 61.02, max 61.02, spread 0.0%)
bench_bits         read       53.78 M msg/s     1025.8 MB/s   (min 53.78, max 53.78, spread 0.0%)
bench_mixed        write      43.65 M msg/s      874.1 MB/s   (min 43.65, max 43.65, spread 0.0%)
bench_mixed        read       38.35 M msg/s      768.1 MB/s   (min 38.35, max 38.35, spread 0.0%)
bitpacker          write       0.01 M msg/s      605.5 MB/s   (min 0.01, max 0.01, spread 0.0%)
bitpacker          read        0.01 M msg/s      720.9 MB/s   (min 0.01, max 0.01, spread 0.0%)
OK (corpus_id 6b118770d85af4f6)
results: /Users/glenn/rowan-working/scratch-schema-js/build/bench/pass-sixlang-air-1/round-0-go.csv
== rust: run ==
schema bench (rust)
rigidbody_moving   write      42.50 M msg/s     4256.1 MB/s   (min 42.50, max 42.50, spread 0.0%)
rigidbody_moving   read       43.30 M msg/s     4336.2 MB/s   (min 43.30, max 43.30, spread 0.0%)
rigidbody_at_rest  write      76.28 M msg/s     4146.6 MB/s   (min 76.28, max 76.28, spread 0.0%)
rigidbody_at_rest  read       79.04 M msg/s     4296.7 MB/s   (min 79.04, max 79.04, spread 0.0%)
chat               write      67.97 M msg/s      842.7 MB/s   (min 67.97, max 67.97, spread 0.0%)
chat               read       95.09 M msg/s     1178.9 MB/s   (min 95.09, max 95.09, spread 0.0%)
test               write     230.65 M msg/s     1319.8 MB/s   (min 230.65, max 230.65, spread 0.0%)
test               read      210.91 M msg/s     1206.8 MB/s   (min 210.91, max 210.91, spread 0.0%)
inputpacket        write      49.87 M msg/s     2901.0 MB/s   (min 49.87, max 49.87, spread 0.0%)
inputpacket        read       40.75 M msg/s     2370.4 MB/s   (min 40.75, max 40.75, spread 0.0%)
shipcreate         write      76.29 M msg/s     2037.0 MB/s   (min 76.29, max 76.29, spread 0.0%)
shipcreate         read       80.94 M msg/s     2161.2 MB/s   (min 80.94, max 80.94, spread 0.0%)
ship_shallow       write      82.88 M msg/s     2213.0 MB/s   (min 82.88, max 82.88, spread 0.0%)
ship_shallow       read       76.99 M msg/s     2055.9 MB/s   (min 76.99, max 76.99, spread 0.0%)
probe_header       write     213.88 M msg/s     2039.7 MB/s   (min 213.88, max 213.88, spread 0.0%)
probe_header       read      182.64 M msg/s     1741.8 MB/s   (min 182.64, max 182.64, spread 0.0%)
probebits          write     124.32 M msg/s     3082.5 MB/s   (min 124.32, max 124.32, spread 0.0%)
probebits          read      137.14 M msg/s     3400.5 MB/s   (min 137.14, max 137.14, spread 0.0%)
probearray         write      54.45 M msg/s     2440.6 MB/s   (min 54.45, max 54.45, spread 0.0%)
probearray         read       63.57 M msg/s     2849.5 MB/s   (min 63.57, max 63.57, spread 0.0%)
testdata           write      25.29 M msg/s     2218.8 MB/s   (min 25.29, max 25.29, spread 0.0%)
testdata           read       24.04 M msg/s     2109.6 MB/s   (min 24.04, max 24.04, spread 0.0%)
message_batch      write      82.86 M msg/s     1975.6 MB/s   (min 82.86, max 82.86, spread 0.0%)
message_batch      read       50.07 M msg/s     1193.7 MB/s   (min 50.07, max 50.07, spread 0.0%)
bench_packet       write      75.59 M msg/s     3532.1 MB/s   (min 75.59, max 75.59, spread 0.0%)
bench_packet       read       93.37 M msg/s     4363.4 MB/s   (min 93.37, max 93.37, spread 0.0%)
bench_ints         write     122.09 M msg/s     1630.1 MB/s   (min 122.09, max 122.09, spread 0.0%)
bench_ints         read      104.71 M msg/s     1398.1 MB/s   (min 104.71, max 104.71, spread 0.0%)
bench_bits         write     119.44 M msg/s     2278.1 MB/s   (min 119.44, max 119.44, spread 0.0%)
bench_bits         read      114.65 M msg/s     2186.7 MB/s   (min 114.65, max 114.65, spread 0.0%)
bench_mixed        write     101.53 M msg/s     2033.3 MB/s   (min 101.53, max 101.53, spread 0.0%)
bench_mixed        read       92.57 M msg/s     1853.9 MB/s   (min 92.57, max 92.57, spread 0.0%)
bitpacker          write       0.03 M msg/s     2111.5 MB/s   (min 0.03, max 0.03, spread 0.0%)
bitpacker          read        0.03 M msg/s     2037.3 MB/s   (min 0.03, max 0.03, spread 0.0%)
OK (corpus_id 6b118770d85af4f6)
results: /Users/glenn/rowan-working/scratch-schema-js/build/bench/pass-sixlang-air-1/round-0-rust.csv
== cs: run ==
schema bench (cs, workstation GC)
rigidbody_moving   write      36.90 M msg/s     3695.3 MB/s   (min 36.90, max 36.90, spread 0.0%)
rigidbody_moving   read       36.83 M msg/s     3688.2 MB/s   (min 36.83, max 36.83, spread 0.0%)
alloc note: rigidbody_moving one pass (256 ops/path): write 0 bytes, read 0 bytes
rigidbody_at_rest  write      58.45 M msg/s     3177.1 MB/s   (min 58.45, max 58.45, spread 0.0%)
rigidbody_at_rest  read       58.12 M msg/s     3159.4 MB/s   (min 58.12, max 58.12, spread 0.0%)
alloc note: rigidbody_at_rest one pass (256 ops/path): write 0 bytes, read 0 bytes
chat               write      41.16 M msg/s      510.3 MB/s   (min 41.16, max 41.16, spread 0.0%)
chat               read       81.40 M msg/s     1009.2 MB/s   (min 81.40, max 81.40, spread 0.0%)
alloc note: chat one pass (256 ops/path): write 0 bytes, read 0 bytes
test               write     135.87 M msg/s      777.4 MB/s   (min 135.87, max 135.87, spread 0.0%)
test               read      160.85 M msg/s      920.4 MB/s   (min 160.85, max 160.85, spread 0.0%)
alloc note: test one pass (256 ops/path): write 0 bytes, read 0 bytes
inputpacket        write      38.45 M msg/s     2237.0 MB/s   (min 38.45, max 38.45, spread 0.0%)
inputpacket        read       29.60 M msg/s     1722.2 MB/s   (min 29.60, max 29.60, spread 0.0%)
alloc note: inputpacket one pass (256 ops/path): write 0 bytes, read 0 bytes
shipcreate         write      59.20 M msg/s     1580.9 MB/s   (min 59.20, max 59.20, spread 0.0%)
shipcreate         read       52.00 M msg/s     1388.6 MB/s   (min 52.00, max 52.00, spread 0.0%)
alloc note: shipcreate one pass (256 ops/path): write 0 bytes, read 0 bytes
ship_shallow       write      61.78 M msg/s     1649.8 MB/s   (min 61.78, max 61.78, spread 0.0%)
ship_shallow       read       56.62 M msg/s     1512.0 MB/s   (min 56.62, max 56.62, spread 0.0%)
alloc note: ship_shallow one pass (256 ops/path): write 0 bytes, read 0 bytes
probe_header       write     123.34 M msg/s     1176.2 MB/s   (min 123.34, max 123.34, spread 0.0%)
probe_header       read      125.63 M msg/s     1198.1 MB/s   (min 125.63, max 125.63, spread 0.0%)
alloc note: probe_header one pass (256 ops/path): write 0 bytes, read 0 bytes
probebits          write      94.77 M msg/s     2349.9 MB/s   (min 94.77, max 94.77, spread 0.0%)
probebits          read       97.63 M msg/s     2420.7 MB/s   (min 97.63, max 97.63, spread 0.0%)
alloc note: probebits one pass (256 ops/path): write 0 bytes, read 0 bytes
probearray         write      45.23 M msg/s     2027.5 MB/s   (min 45.23, max 45.23, spread 0.0%)
probearray         read       42.20 M msg/s     1891.6 MB/s   (min 42.20, max 42.20, spread 0.0%)
alloc note: probearray one pass (256 ops/path): write 0 bytes, read 0 bytes
testdata           write      15.07 M msg/s     1322.5 MB/s   (min 15.07, max 15.07, spread 0.0%)
testdata           read       10.26 M msg/s      899.8 MB/s   (min 10.26, max 10.26, spread 0.0%)
alloc note: testdata one pass (256 ops/path): write 0 bytes, read 0 bytes
message_batch      write      68.75 M msg/s     1639.2 MB/s   (min 68.75, max 68.75, spread 0.0%)
message_batch      read       44.26 M msg/s     1055.1 MB/s   (min 44.26, max 44.26, spread 0.0%)
alloc note: message_batch one pass (4096 msgs): write 0 bytes (0 gen0), read 0 bytes (0 gen0)
bench_packet       write      31.95 M msg/s     1493.2 MB/s   (min 31.95, max 31.95, spread 0.0%)
bench_packet       read       33.80 M msg/s     1579.6 MB/s   (min 33.80, max 33.80, spread 0.0%)
bench_ints         write      60.80 M msg/s      811.7 MB/s   (min 60.80, max 60.80, spread 0.0%)
bench_ints         read       52.27 M msg/s      697.9 MB/s   (min 52.27, max 52.27, spread 0.0%)
bench_bits         write      66.46 M msg/s     1267.6 MB/s   (min 66.46, max 66.46, spread 0.0%)
bench_bits         read       60.64 M msg/s     1156.6 MB/s   (min 60.64, max 60.64, spread 0.0%)
bench_mixed        write      47.30 M msg/s      947.3 MB/s   (min 47.30, max 47.30, spread 0.0%)
bench_mixed        read       42.49 M msg/s      851.0 MB/s   (min 42.49, max 42.49, spread 0.0%)
bitpacker          write       0.02 M msg/s      977.1 MB/s   (min 0.02, max 0.02, spread 0.0%)
bitpacker          read        0.02 M msg/s      990.0 MB/s   (min 0.02, max 0.02, spread 0.0%)
OK (corpus_id 6b118770d85af4f6)
results: /Users/glenn/rowan-working/scratch-schema-js/build/bench/pass-sixlang-air-1/round-0-cs.csv
Shutting down MSBuild server...
Shutting down VB/C# compiler server...
VB/C# compiler server shut down successfully.
MSBuild server shut down successfully.
== js: run ==
schema bench (js, node 26.7.0, production mode)
rigidbody_moving   write       3.28 M msg/s      328.4 MB/s   (min 3.28, max 3.28, spread 0.0%)
rigidbody_moving   read        3.10 M msg/s      310.5 MB/s   (min 3.10, max 3.10, spread 0.0%)
rigidbody_at_rest  write       5.17 M msg/s      281.2 MB/s   (min 5.17, max 5.17, spread 0.0%)
rigidbody_at_rest  read        5.75 M msg/s      312.5 MB/s   (min 5.75, max 5.75, spread 0.0%)
chat               write       7.56 M msg/s       93.7 MB/s   (min 7.56, max 7.56, spread 0.0%)
chat               read       11.87 M msg/s      147.2 MB/s   (min 11.87, max 11.87, spread 0.0%)
test               write      10.94 M msg/s       62.6 MB/s   (min 10.94, max 10.94, spread 0.0%)
test               read       17.88 M msg/s      102.3 MB/s   (min 17.88, max 17.88, spread 0.0%)
inputpacket        write       1.93 M msg/s      112.3 MB/s   (min 1.93, max 1.93, spread 0.0%)
inputpacket        read        2.21 M msg/s      128.5 MB/s   (min 2.21, max 2.21, spread 0.0%)
shipcreate         write       3.29 M msg/s       87.9 MB/s   (min 3.29, max 3.29, spread 0.0%)
shipcreate         read        4.41 M msg/s      117.7 MB/s   (min 4.41, max 4.41, spread 0.0%)
ship_shallow       write       3.11 M msg/s       83.2 MB/s   (min 3.11, max 3.11, spread 0.0%)
ship_shallow       read        4.99 M msg/s      133.3 MB/s   (min 4.99, max 4.99, spread 0.0%)
probe_header       write       5.20 M msg/s       49.6 MB/s   (min 5.20, max 5.20, spread 0.0%)
probe_header       read        9.46 M msg/s       90.2 MB/s   (min 9.46, max 9.46, spread 0.0%)
probebits          write       2.68 M msg/s       66.4 MB/s   (min 2.68, max 2.68, spread 0.0%)
probebits          read        3.93 M msg/s       97.4 MB/s   (min 3.93, max 3.93, spread 0.0%)
probearray         write       2.11 M msg/s       94.4 MB/s   (min 2.11, max 2.11, spread 0.0%)
probearray         read        2.54 M msg/s      113.8 MB/s   (min 2.54, max 2.54, spread 0.0%)
== js: run ==
schema bench (js, node 26.7.0, production mode)
rigidbody_moving   write       3.47 M msg/s      347.4 MB/s   (min 3.47, max 3.47, spread 0.0%)
rigidbody_moving   read        3.12 M msg/s      312.7 MB/s   (min 3.12, max 3.12, spread 0.0%)
rigidbody_at_rest  write       5.31 M msg/s      288.8 MB/s   (min 5.31, max 5.31, spread 0.0%)
rigidbody_at_rest  read        5.74 M msg/s      311.8 MB/s   (min 5.74, max 5.74, spread 0.0%)
chat               write       7.62 M msg/s       94.4 MB/s   (min 7.62, max 7.62, spread 0.0%)
chat               read       11.81 M msg/s      146.5 MB/s   (min 11.81, max 11.81, spread 0.0%)
test               write      11.01 M msg/s       63.0 MB/s   (min 11.01, max 11.01, spread 0.0%)
test               read       18.26 M msg/s      104.5 MB/s   (min 18.26, max 18.26, spread 0.0%)
inputpacket        write       2.03 M msg/s      117.8 MB/s   (min 2.03, max 2.03, spread 0.0%)
inputpacket        read        2.32 M msg/s      135.1 MB/s   (min 2.32, max 2.32, spread 0.0%)
shipcreate         write       3.33 M msg/s       89.0 MB/s   (min 3.33, max 3.33, spread 0.0%)
shipcreate         read        4.52 M msg/s      120.8 MB/s   (min 4.52, max 4.52, spread 0.0%)
ship_shallow       write       3.24 M msg/s       86.5 MB/s   (min 3.24, max 3.24, spread 0.0%)
ship_shallow       read        5.09 M msg/s      135.8 MB/s   (min 5.09, max 5.09, spread 0.0%)
probe_header       write       5.57 M msg/s       53.1 MB/s   (min 5.57, max 5.57, spread 0.0%)
probe_header       read        9.52 M msg/s       90.7 MB/s   (min 9.52, max 9.52, spread 0.0%)
probebits          write       2.86 M msg/s       71.0 MB/s   (min 2.86, max 2.86, spread 0.0%)
probebits          read        4.03 M msg/s       99.9 MB/s   (min 4.03, max 4.03, spread 0.0%)
probearray         write       2.18 M msg/s       97.8 MB/s   (min 2.18, max 2.18, spread 0.0%)
probearray         read        2.61 M msg/s      117.0 MB/s   (min 2.61, max 2.61, spread 0.0%)
testdata           write       1.27 M msg/s      111.8 MB/s   (min 1.27, max 1.27, spread 0.0%)
testdata           read        1.43 M msg/s      125.1 MB/s   (min 1.43, max 1.43, spread 0.0%)
real_packet        write       0.51 M msg/s       99.1 MB/s   (min 0.51, max 0.51, spread 0.0%)
real_packet        read        0.61 M msg/s      118.3 MB/s   (min 0.61, max 0.61, spread 0.0%)
message_batch      write      10.82 M msg/s      258.1 MB/s   (min 10.82, max 10.82, spread 0.0%)
message_batch      read        9.92 M msg/s      236.4 MB/s   (min 9.92, max 9.92, spread 0.0%)
bench_packet       write       3.38 M msg/s      157.8 MB/s   (min 3.38, max 3.38, spread 0.0%)
bench_packet       read        4.06 M msg/s      189.5 MB/s   (min 4.06, max 4.06, spread 0.0%)
bench_ints         write       5.84 M msg/s       77.9 MB/s   (min 5.84, max 5.84, spread 0.0%)
bench_ints         read        6.66 M msg/s       89.0 MB/s   (min 6.66, max 6.66, spread 0.0%)
bench_bits         write       4.15 M msg/s       79.2 MB/s   (min 4.15, max 4.15, spread 0.0%)
bench_bits         read        7.14 M msg/s      136.2 MB/s   (min 7.14, max 7.14, spread 0.0%)
bench_mixed        write       3.55 M msg/s       71.2 MB/s   (min 3.55, max 3.55, spread 0.0%)
bench_mixed        read        5.56 M msg/s      111.4 MB/s   (min 5.56, max 5.56, spread 0.0%)
bitpacker          write       0.01 M msg/s      385.8 MB/s   (min 0.01, max 0.01, spread 0.0%)
bitpacker          read        0.00 M msg/s      299.7 MB/s   (min 0.00, max 0.00, spread 0.0%)
OK (corpus_id 7a7c343f1a446f4c)
results: /Users/glenn/rowan-working/scratch-schema-js/build/bench/pass-sixlang-air-1/round-0-js.csv
== cpp: reusing build/bench/schema_bench_cpp ==
== cpp: run (Release) ==
schema bench (cpp, Release)
rigidbody_moving   write     611.50 M msg/s    61233.3 MB/s   (min 611.50, max 611.50, spread 0.0%)
rigidbody_moving   read      462.09 M msg/s    46271.6 MB/s   (min 462.09, max 462.09, spread 0.0%)
rigidbody_at_rest  write     827.50 M msg/s    44982.2 MB/s   (min 827.50, max 827.50, spread 0.0%)
rigidbody_at_rest  read      484.85 M msg/s    26356.4 MB/s   (min 484.85, max 484.85, spread 0.0%)
chat               write     129.08 M msg/s     1600.4 MB/s   (min 129.08, max 129.08, spread 0.0%)
chat               read      218.06 M msg/s     2703.5 MB/s   (min 218.06, max 218.06, spread 0.0%)
test               write     763.67 M msg/s     4369.8 MB/s   (min 763.67, max 763.67, spread 0.0%)
test               read     1037.39 M msg/s     5936.0 MB/s   (min 1037.39, max 1037.39, spread 0.0%)
inputpacket        write     111.76 M msg/s     6501.5 MB/s   (min 111.76, max 111.76, spread 0.0%)
inputpacket        read      293.04 M msg/s    17047.2 MB/s   (min 293.04, max 293.04, spread 0.0%)
shipcreate         write     466.93 M msg/s    12468.4 MB/s   (min 466.93, max 466.93, spread 0.0%)
shipcreate         read      251.38 M msg/s     6712.6 MB/s   (min 251.38, max 251.38, spread 0.0%)
ship_shallow       write     424.78 M msg/s    11343.0 MB/s   (min 424.78, max 424.78, spread 0.0%)
ship_shallow       read      280.50 M msg/s     7490.2 MB/s   (min 280.50, max 280.50, spread 0.0%)
probe_header       write    1062.69 M msg/s    10134.6 MB/s   (min 1062.69, max 1062.69, spread 0.0%)
probe_header       read     1431.40 M msg/s    13650.9 MB/s   (min 1431.40, max 1431.40, spread 0.0%)
probebits          write     595.30 M msg/s    14760.7 MB/s   (min 595.30, max 595.30, spread 0.0%)
probebits          read      773.19 M msg/s    19171.8 MB/s   (min 773.19, max 773.19, spread 0.0%)
probearray         write      82.87 M msg/s     3714.3 MB/s   (min 82.87, max 82.87, spread 0.0%)
probearray         read      140.99 M msg/s     6319.5 MB/s   (min 140.99, max 140.99, spread 0.0%)
testdata           write      47.25 M msg/s     4145.2 MB/s   (min 47.25, max 47.25, spread 0.0%)
testdata           read       70.02 M msg/s     6143.3 MB/s   (min 70.02, max 70.02, spread 0.0%)
real_packet        write      21.18 M msg/s     4120.0 MB/s   (min 21.18, max 21.18, spread 0.0%)
real_packet        read       26.65 M msg/s     5185.2 MB/s   (min 26.65, max 26.65, spread 0.0%)
message_batch      write      79.46 M msg/s     1894.6 MB/s   (min 79.46, max 79.46, spread 0.0%)
message_batch      read      131.08 M msg/s     3125.2 MB/s   (min 131.08, max 131.08, spread 0.0%)
bench_packet       write      92.64 M msg/s     4328.9 MB/s   (min 92.64, max 92.64, spread 0.0%)
bench_packet       read      137.15 M msg/s     6409.1 MB/s   (min 137.15, max 137.15, spread 0.0%)
bench_ints         write     183.56 M msg/s     2450.7 MB/s   (min 183.56, max 183.56, spread 0.0%)
bench_ints         read      191.53 M msg/s     2557.2 MB/s   (min 191.53, max 191.53, spread 0.0%)
bench_bits         write     180.90 M msg/s     3450.3 MB/s   (min 180.90, max 180.90, spread 0.0%)
bench_bits         read      241.26 M msg/s     4601.7 MB/s   (min 241.26, max 241.26, spread 0.0%)
bench_mixed        write     152.81 M msg/s     3060.3 MB/s   (min 152.81, max 152.81, spread 0.0%)
bench_mixed        read      170.36 M msg/s     3411.8 MB/s   (min 170.36, max 170.36, spread 0.0%)
bitpacker          write       0.06 M msg/s     3865.0 MB/s   (min 0.06, max 0.06, spread 0.0%)
bitpacker          read        0.09 M msg/s     5828.9 MB/s   (min 0.09, max 0.09, spread 0.0%)
OK (corpus_id 7a7c343f1a446f4c)
results: /Users/glenn/rowan-working/scratch-schema-js/build/bench/pass-sixlang-air-1/round-1-cpp.csv
== c: reusing build/bench/schema_bench_c ==
== c: run (Release) ==
schema bench (c, Release)
rigidbody_moving   write     614.19 M msg/s    61502.2 MB/s   (min 614.19, max 614.19, spread 0.0%)
rigidbody_moving   read      453.31 M msg/s    45392.5 MB/s   (min 453.31, max 453.31, spread 0.0%)
rigidbody_at_rest  write     821.55 M msg/s    44658.7 MB/s   (min 821.55, max 821.55, spread 0.0%)
rigidbody_at_rest  read      485.18 M msg/s    26374.1 MB/s   (min 485.18, max 485.18, spread 0.0%)
chat               write     125.53 M msg/s     1556.3 MB/s   (min 125.53, max 125.53, spread 0.0%)
chat               read      226.77 M msg/s     2811.5 MB/s   (min 226.77, max 226.77, spread 0.0%)
test               write     768.03 M msg/s     4394.7 MB/s   (min 768.03, max 768.03, spread 0.0%)
test               read     1038.17 M msg/s     5940.5 MB/s   (min 1038.17, max 1038.17, spread 0.0%)
inputpacket        write     101.40 M msg/s     5899.1 MB/s   (min 101.40, max 101.40, spread 0.0%)
inputpacket        read      242.36 M msg/s    14099.2 MB/s   (min 242.36, max 242.36, spread 0.0%)
shipcreate         write     461.29 M msg/s    12317.9 MB/s   (min 461.29, max 461.29, spread 0.0%)
shipcreate         read      251.15 M msg/s     6706.5 MB/s   (min 251.15, max 251.15, spread 0.0%)
ship_shallow       write     431.65 M msg/s    11526.3 MB/s   (min 431.65, max 431.65, spread 0.0%)
ship_shallow       read      287.84 M msg/s     7686.1 MB/s   (min 287.84, max 287.84, spread 0.0%)
probe_header       write    1066.40 M msg/s    10170.0 MB/s   (min 1066.40, max 1066.40, spread 0.0%)
probe_header       read     1415.29 M msg/s    13497.2 MB/s   (min 1415.29, max 1415.29, spread 0.0%)
probebits          write     592.59 M msg/s    14693.5 MB/s   (min 592.59, max 592.59, spread 0.0%)
probebits          read      774.89 M msg/s    19213.9 MB/s   (min 774.89, max 774.89, spread 0.0%)
probearray         write      81.12 M msg/s     3636.1 MB/s   (min 81.12, max 81.12, spread 0.0%)
probearray         read      141.59 M msg/s     6346.6 MB/s   (min 141.59, max 141.59, spread 0.0%)
testdata           write      37.07 M msg/s     3252.0 MB/s   (min 37.07, max 37.07, spread 0.0%)
testdata           read       60.88 M msg/s     5341.3 MB/s   (min 60.88, max 60.88, spread 0.0%)
real_packet        write      25.64 M msg/s     4987.5 MB/s   (min 25.64, max 25.64, spread 0.0%)
real_packet        read       30.03 M msg/s     5841.9 MB/s   (min 30.03, max 30.03, spread 0.0%)
message_batch      write     204.23 M msg/s     4869.2 MB/s   (min 204.23, max 204.23, spread 0.0%)
message_batch      read      152.81 M msg/s     3643.2 MB/s   (min 152.81, max 152.81, spread 0.0%)
bench_packet       write     118.05 M msg/s     5516.4 MB/s   (min 118.05, max 118.05, spread 0.0%)
bench_packet       read      140.84 M msg/s     6581.3 MB/s   (min 140.84, max 140.84, spread 0.0%)
bench_ints         write     191.02 M msg/s     2550.4 MB/s   (min 191.02, max 191.02, spread 0.0%)
bench_ints         read      178.87 M msg/s     2388.2 MB/s   (min 178.87, max 178.87, spread 0.0%)
bench_bits         write     192.07 M msg/s     3663.5 MB/s   (min 192.07, max 192.07, spread 0.0%)
bench_bits         read      224.16 M msg/s     4275.6 MB/s   (min 224.16, max 224.16, spread 0.0%)
bench_mixed        write     159.04 M msg/s     3185.2 MB/s   (min 159.04, max 159.04, spread 0.0%)
bench_mixed        read      174.15 M msg/s     3487.7 MB/s   (min 174.15, max 174.15, spread 0.0%)
bitpacker          write       0.06 M msg/s     3867.8 MB/s   (min 0.06, max 0.06, spread 0.0%)
bitpacker          read        0.06 M msg/s     3589.5 MB/s   (min 0.06, max 0.06, spread 0.0%)
OK (corpus_id 7a7c343f1a446f4c)
results: /Users/glenn/rowan-working/scratch-schema-js/build/bench/pass-sixlang-air-1/round-1-c.csv
== go: run ==
schema bench (go)
rigidbody_moving   write      18.22 M msg/s     1824.4 MB/s   (min 18.22, max 18.22, spread 0.0%)
rigidbody_moving   read       24.83 M msg/s     2486.8 MB/s   (min 24.83, max 24.83, spread 0.0%)
alloc note: rigidbody_moving one pass (256 ops/path): write 0 allocs, read 0 allocs
rigidbody_at_rest  write      31.98 M msg/s     1738.3 MB/s   (min 31.98, max 31.98, spread 0.0%)
rigidbody_at_rest  read       42.25 M msg/s     2296.5 MB/s   (min 42.25, max 42.25, spread 0.0%)
alloc note: rigidbody_at_rest one pass (256 ops/path): write 0 allocs, read 0 allocs
chat               write      34.70 M msg/s      430.2 MB/s   (min 34.70, max 34.70, spread 0.0%)
chat               read       76.12 M msg/s      943.8 MB/s   (min 76.12, max 76.12, spread 0.0%)
alloc note: chat one pass (256 ops/path): write 0 allocs, read 0 allocs
test               write     109.03 M msg/s      623.8 MB/s   (min 109.03, max 109.03, spread 0.0%)
test               read       86.76 M msg/s      496.4 MB/s   (min 86.76, max 86.76, spread 0.0%)
alloc note: test one pass (256 ops/path): write 0 allocs, read 0 allocs
inputpacket        write      16.85 M msg/s      980.2 MB/s   (min 16.85, max 16.85, spread 0.0%)
inputpacket        read       16.81 M msg/s      977.8 MB/s   (min 16.81, max 16.81, spread 0.0%)
alloc note: inputpacket one pass (256 ops/path): write 0 allocs, read 0 allocs
shipcreate         write      32.15 M msg/s      858.5 MB/s   (min 32.15, max 32.15, spread 0.0%)
shipcreate         read       22.69 M msg/s      605.8 MB/s   (min 22.69, max 22.69, spread 0.0%)
alloc note: shipcreate one pass (256 ops/path): write 0 allocs, read 0 allocs
ship_shallow       write      35.51 M msg/s      948.3 MB/s   (min 35.51, max 35.51, spread 0.0%)
ship_shallow       read       26.60 M msg/s      710.3 MB/s   (min 26.60, max 26.60, spread 0.0%)
alloc note: ship_shallow one pass (256 ops/path): write 0 allocs, read 0 allocs
probe_header       write      86.72 M msg/s      827.1 MB/s   (min 86.72, max 86.72, spread 0.0%)
probe_header       read       79.83 M msg/s      761.3 MB/s   (min 79.83, max 79.83, spread 0.0%)
alloc note: probe_header one pass (256 ops/path): write 0 allocs, read 0 allocs
probebits          write      63.23 M msg/s     1567.9 MB/s   (min 63.23, max 63.23, spread 0.0%)
probebits          read       64.58 M msg/s     1601.3 MB/s   (min 64.58, max 64.58, spread 0.0%)
alloc note: probebits one pass (256 ops/path): write 0 allocs, read 0 allocs
probearray         write      20.58 M msg/s      922.3 MB/s   (min 20.58, max 20.58, spread 0.0%)
probearray         read       17.51 M msg/s      784.8 MB/s   (min 17.51, max 17.51, spread 0.0%)
alloc note: probearray one pass (256 ops/path): write 0 allocs, read 0 allocs
testdata           write       9.37 M msg/s      822.4 MB/s   (min 9.37, max 9.37, spread 0.0%)
testdata           read       10.72 M msg/s      940.4 MB/s   (min 10.72, max 10.72, spread 0.0%)
alloc note: testdata one pass (256 ops/path): write 0 allocs, read 0 allocs
message_batch      write      40.80 M msg/s      972.7 MB/s   (min 40.80, max 40.80, spread 0.0%)
message_batch      read       38.04 M msg/s      906.9 MB/s   (min 38.04, max 38.04, spread 0.0%)
alloc note: message_batch one pass (4096 msgs): write 0 allocs, read 0 allocs
bench_packet       write      27.55 M msg/s     1287.6 MB/s   (min 27.55, max 27.55, spread 0.0%)
bench_packet       read       34.38 M msg/s     1606.7 MB/s   (min 34.38, max 34.38, spread 0.0%)
bench_ints         write      44.65 M msg/s      596.1 MB/s   (min 44.65, max 44.65, spread 0.0%)
bench_ints         read       39.73 M msg/s      530.4 MB/s   (min 39.73, max 39.73, spread 0.0%)
bench_bits         write      61.27 M msg/s     1168.7 MB/s   (min 61.27, max 61.27, spread 0.0%)
bench_bits         read       53.40 M msg/s     1018.5 MB/s   (min 53.40, max 53.40, spread 0.0%)
bench_mixed        write      43.69 M msg/s      874.9 MB/s   (min 43.69, max 43.69, spread 0.0%)
bench_mixed        read       38.38 M msg/s      768.7 MB/s   (min 38.38, max 38.38, spread 0.0%)
bitpacker          write       0.01 M msg/s      606.2 MB/s   (min 0.01, max 0.01, spread 0.0%)
bitpacker          read        0.01 M msg/s      720.4 MB/s   (min 0.01, max 0.01, spread 0.0%)
OK (corpus_id 6b118770d85af4f6)
results: /Users/glenn/rowan-working/scratch-schema-js/build/bench/pass-sixlang-air-1/round-1-go.csv
== rust: run ==
schema bench (rust)
rigidbody_moving   write      42.74 M msg/s     4280.1 MB/s   (min 42.74, max 42.74, spread 0.0%)
rigidbody_moving   read       42.94 M msg/s     4299.4 MB/s   (min 42.94, max 42.94, spread 0.0%)
rigidbody_at_rest  write      76.07 M msg/s     4135.0 MB/s   (min 76.07, max 76.07, spread 0.0%)
rigidbody_at_rest  read       79.05 M msg/s     4296.9 MB/s   (min 79.05, max 79.05, spread 0.0%)
chat               write      68.08 M msg/s      844.1 MB/s   (min 68.08, max 68.08, spread 0.0%)
chat               read       95.04 M msg/s     1178.3 MB/s   (min 95.04, max 95.04, spread 0.0%)
test               write     230.69 M msg/s     1320.0 MB/s   (min 230.69, max 230.69, spread 0.0%)
test               read      210.73 M msg/s     1205.8 MB/s   (min 210.73, max 210.73, spread 0.0%)
inputpacket        write      49.88 M msg/s     2901.6 MB/s   (min 49.88, max 49.88, spread 0.0%)
inputpacket        read       40.72 M msg/s     2369.0 MB/s   (min 40.72, max 40.72, spread 0.0%)
shipcreate         write      76.24 M msg/s     2035.9 MB/s   (min 76.24, max 76.24, spread 0.0%)
shipcreate         read       80.82 M msg/s     2158.2 MB/s   (min 80.82, max 80.82, spread 0.0%)
ship_shallow       write      82.65 M msg/s     2206.9 MB/s   (min 82.65, max 82.65, spread 0.0%)
ship_shallow       read       76.81 M msg/s     2051.0 MB/s   (min 76.81, max 76.81, spread 0.0%)
probe_header       write     214.07 M msg/s     2041.5 MB/s   (min 214.07, max 214.07, spread 0.0%)
probe_header       read      182.45 M msg/s     1739.9 MB/s   (min 182.45, max 182.45, spread 0.0%)
probebits          write     124.50 M msg/s     3087.1 MB/s   (min 124.50, max 124.50, spread 0.0%)
probebits          read      137.06 M msg/s     3398.5 MB/s   (min 137.06, max 137.06, spread 0.0%)
probearray         write      54.44 M msg/s     2440.2 MB/s   (min 54.44, max 54.44, spread 0.0%)
probearray         read       63.52 M msg/s     2847.4 MB/s   (min 63.52, max 63.52, spread 0.0%)
testdata           write      25.37 M msg/s     2226.0 MB/s   (min 25.37, max 25.37, spread 0.0%)
testdata           read       23.97 M msg/s     2103.5 MB/s   (min 23.97, max 23.97, spread 0.0%)
message_batch      write      78.89 M msg/s     1880.8 MB/s   (min 78.89, max 78.89, spread 0.0%)
message_batch      read       50.19 M msg/s     1196.5 MB/s   (min 50.19, max 50.19, spread 0.0%)
bench_packet       write      75.51 M msg/s     3528.5 MB/s   (min 75.51, max 75.51, spread 0.0%)
bench_packet       read       93.09 M msg/s     4350.1 MB/s   (min 93.09, max 93.09, spread 0.0%)
bench_ints         write     122.58 M msg/s     1636.6 MB/s   (min 122.58, max 122.58, spread 0.0%)
bench_ints         read      105.21 M msg/s     1404.6 MB/s   (min 105.21, max 105.21, spread 0.0%)
bench_bits         write     121.92 M msg/s     2325.5 MB/s   (min 121.92, max 121.92, spread 0.0%)
bench_bits         read      113.26 M msg/s     2160.3 MB/s   (min 113.26, max 113.26, spread 0.0%)
bench_mixed        write     101.32 M msg/s     2029.1 MB/s   (min 101.32, max 101.32, spread 0.0%)
bench_mixed        read       86.38 M msg/s     1730.0 MB/s   (min 86.38, max 86.38, spread 0.0%)
bitpacker          write       0.03 M msg/s     2096.2 MB/s   (min 0.03, max 0.03, spread 0.0%)
bitpacker          read        0.03 M msg/s     2041.1 MB/s   (min 0.03, max 0.03, spread 0.0%)
OK (corpus_id 6b118770d85af4f6)
results: /Users/glenn/rowan-working/scratch-schema-js/build/bench/pass-sixlang-air-1/round-1-rust.csv
== cs: run ==
schema bench (cs, workstation GC)
rigidbody_moving   write      36.64 M msg/s     3669.3 MB/s   (min 36.64, max 36.64, spread 0.0%)
rigidbody_moving   read       36.98 M msg/s     3703.4 MB/s   (min 36.98, max 36.98, spread 0.0%)
alloc note: rigidbody_moving one pass (256 ops/path): write 0 bytes, read 0 bytes
rigidbody_at_rest  write      58.14 M msg/s     3160.2 MB/s   (min 58.14, max 58.14, spread 0.0%)
rigidbody_at_rest  read       57.99 M msg/s     3152.2 MB/s   (min 57.99, max 57.99, spread 0.0%)
alloc note: rigidbody_at_rest one pass (256 ops/path): write 0 bytes, read 0 bytes
chat               write      40.94 M msg/s      507.6 MB/s   (min 40.94, max 40.94, spread 0.0%)
chat               read       80.63 M msg/s      999.6 MB/s   (min 80.63, max 80.63, spread 0.0%)
alloc note: chat one pass (256 ops/path): write 0 bytes, read 0 bytes
test               write     136.23 M msg/s      779.5 MB/s   (min 136.23, max 136.23, spread 0.0%)
test               read      160.77 M msg/s      919.9 MB/s   (min 160.77, max 160.77, spread 0.0%)
alloc note: test one pass (256 ops/path): write 0 bytes, read 0 bytes
inputpacket        write      38.38 M msg/s     2232.9 MB/s   (min 38.38, max 38.38, spread 0.0%)
inputpacket        read       29.64 M msg/s     1724.5 MB/s   (min 29.64, max 29.64, spread 0.0%)
alloc note: inputpacket one pass (256 ops/path): write 0 bytes, read 0 bytes
shipcreate         write      58.85 M msg/s     1571.5 MB/s   (min 58.85, max 58.85, spread 0.0%)
shipcreate         read       51.30 M msg/s     1369.8 MB/s   (min 51.30, max 51.30, spread 0.0%)
alloc note: shipcreate one pass (256 ops/path): write 0 bytes, read 0 bytes
ship_shallow       write      61.76 M msg/s     1649.2 MB/s   (min 61.76, max 61.76, spread 0.0%)
ship_shallow       read       56.64 M msg/s     1512.5 MB/s   (min 56.64, max 56.64, spread 0.0%)
alloc note: ship_shallow one pass (256 ops/path): write 0 bytes, read 0 bytes
probe_header       write     123.72 M msg/s     1179.9 MB/s   (min 123.72, max 123.72, spread 0.0%)
probe_header       read      129.56 M msg/s     1235.6 MB/s   (min 129.56, max 129.56, spread 0.0%)
alloc note: probe_header one pass (256 ops/path): write 0 bytes, read 0 bytes
probebits          write      94.59 M msg/s     2345.5 MB/s   (min 94.59, max 94.59, spread 0.0%)
probebits          read       97.76 M msg/s     2424.0 MB/s   (min 97.76, max 97.76, spread 0.0%)
alloc note: probebits one pass (256 ops/path): write 0 bytes, read 0 bytes
probearray         write      45.15 M msg/s     2023.6 MB/s   (min 45.15, max 45.15, spread 0.0%)
probearray         read       42.23 M msg/s     1892.7 MB/s   (min 42.23, max 42.23, spread 0.0%)
alloc note: probearray one pass (256 ops/path): write 0 bytes, read 0 bytes
testdata           write      15.02 M msg/s     1317.5 MB/s   (min 15.02, max 15.02, spread 0.0%)
testdata           read       10.30 M msg/s      903.9 MB/s   (min 10.30, max 10.30, spread 0.0%)
alloc note: testdata one pass (256 ops/path): write 0 bytes, read 0 bytes
message_batch      write      68.98 M msg/s     1644.7 MB/s   (min 68.98, max 68.98, spread 0.0%)
message_batch      read       43.81 M msg/s     1044.5 MB/s   (min 43.81, max 43.81, spread 0.0%)
alloc note: message_batch one pass (4096 msgs): write 0 bytes (0 gen0), read 0 bytes (0 gen0)
bench_packet       write      31.68 M msg/s     1480.4 MB/s   (min 31.68, max 31.68, spread 0.0%)
bench_packet       read       34.01 M msg/s     1589.2 MB/s   (min 34.01, max 34.01, spread 0.0%)
bench_ints         write      60.35 M msg/s      805.7 MB/s   (min 60.35, max 60.35, spread 0.0%)
bench_ints         read       52.13 M msg/s      696.1 MB/s   (min 52.13, max 52.13, spread 0.0%)
bench_bits         write      66.56 M msg/s     1269.5 MB/s   (min 66.56, max 66.56, spread 0.0%)
bench_bits         read       60.56 M msg/s     1155.1 MB/s   (min 60.56, max 60.56, spread 0.0%)
bench_mixed        write      47.09 M msg/s      943.1 MB/s   (min 47.09, max 47.09, spread 0.0%)
bench_mixed        read       41.24 M msg/s      825.9 MB/s   (min 41.24, max 41.24, spread 0.0%)
bitpacker          write       0.02 M msg/s      976.9 MB/s   (min 0.02, max 0.02, spread 0.0%)
bitpacker          read        0.02 M msg/s      989.1 MB/s   (min 0.02, max 0.02, spread 0.0%)
OK (corpus_id 6b118770d85af4f6)
results: /Users/glenn/rowan-working/scratch-schema-js/build/bench/pass-sixlang-air-1/round-1-cs.csv
Shutting down MSBuild server...
Shutting down VB/C# compiler server...
VB/C# compiler server shut down successfully.
MSBuild server shut down successfully.
== js: run ==
schema bench (js, node 26.7.0, production mode)
rigidbody_moving   write       3.43 M msg/s      343.1 MB/s   (min 3.43, max 3.43, spread 0.0%)
rigidbody_moving   read        3.13 M msg/s      313.2 MB/s   (min 3.13, max 3.13, spread 0.0%)
rigidbody_at_rest  write       5.29 M msg/s      287.5 MB/s   (min 5.29, max 5.29, spread 0.0%)
rigidbody_at_rest  read        5.70 M msg/s      309.6 MB/s   (min 5.70, max 5.70, spread 0.0%)
chat               write       7.62 M msg/s       94.5 MB/s   (min 7.62, max 7.62, spread 0.0%)
chat               read       11.73 M msg/s      145.5 MB/s   (min 11.73, max 11.73, spread 0.0%)
test               write      10.99 M msg/s       62.9 MB/s   (min 10.99, max 10.99, spread 0.0%)
test               read       18.19 M msg/s      104.1 MB/s   (min 18.19, max 18.19, spread 0.0%)
inputpacket        write       2.03 M msg/s      117.9 MB/s   (min 2.03, max 2.03, spread 0.0%)
inputpacket        read        2.36 M msg/s      137.3 MB/s   (min 2.36, max 2.36, spread 0.0%)
shipcreate         write       3.32 M msg/s       88.7 MB/s   (min 3.32, max 3.32, spread 0.0%)
shipcreate         read        4.50 M msg/s      120.1 MB/s   (min 4.50, max 4.50, spread 0.0%)
ship_shallow       write       3.24 M msg/s       86.6 MB/s   (min 3.24, max 3.24, spread 0.0%)
ship_shallow       read        5.10 M msg/s      136.2 MB/s   (min 5.10, max 5.10, spread 0.0%)
probe_header       write       5.53 M msg/s       52.7 MB/s   (min 5.53, max 5.53, spread 0.0%)
probe_header       read        9.54 M msg/s       91.0 MB/s   (min 9.54, max 9.54, spread 0.0%)
probebits          write       2.87 M msg/s       71.1 MB/s   (min 2.87, max 2.87, spread 0.0%)
probebits          read        4.06 M msg/s      100.8 MB/s   (min 4.06, max 4.06, spread 0.0%)
probearray         write       2.15 M msg/s       96.3 MB/s   (min 2.15, max 2.15, spread 0.0%)
probearray         read        2.61 M msg/s      116.8 MB/s   (min 2.61, max 2.61, spread 0.0%)
testdata           write       1.25 M msg/s      109.7 MB/s   (min 1.25, max 1.25, spread 0.0%)
testdata           read        1.44 M msg/s      126.4 MB/s   (min 1.44, max 1.44, spread 0.0%)
real_packet        write       0.51 M msg/s       99.4 MB/s   (min 0.51, max 0.51, spread 0.0%)
real_packet        read        0.61 M msg/s      118.3 MB/s   (min 0.61, max 0.61, spread 0.0%)
message_batch      write      10.88 M msg/s      259.5 MB/s   (min 10.88, max 10.88, spread 0.0%)
message_batch      read        9.99 M msg/s      238.1 MB/s   (min 9.99, max 9.99, spread 0.0%)
bench_packet       write       3.38 M msg/s      157.8 MB/s   (min 3.38, max 3.38, spread 0.0%)
bench_packet       read        4.05 M msg/s      189.4 MB/s   (min 4.05, max 4.05, spread 0.0%)
bench_ints         write       5.68 M msg/s       75.9 MB/s   (min 5.68, max 5.68, spread 0.0%)
bench_ints         read        6.60 M msg/s       88.2 MB/s   (min 6.60, max 6.60, spread 0.0%)
bench_bits         write       4.13 M msg/s       78.8 MB/s   (min 4.13, max 4.13, spread 0.0%)
bench_bits         read        7.10 M msg/s      135.5 MB/s   (min 7.10, max 7.10, spread 0.0%)
bench_mixed        write       3.54 M msg/s       70.8 MB/s   (min 3.54, max 3.54, spread 0.0%)
bench_mixed        read        5.42 M msg/s      108.6 MB/s   (min 5.42, max 5.42, spread 0.0%)
bitpacker          write       0.01 M msg/s      388.3 MB/s   (min 0.01, max 0.01, spread 0.0%)
bitpacker          read        0.00 M msg/s      301.9 MB/s   (min 0.00, max 0.00, spread 0.0%)
OK (corpus_id 7a7c343f1a446f4c)
results: /Users/glenn/rowan-working/scratch-schema-js/build/bench/pass-sixlang-air-1/round-1-js.csv
== cpp: reusing build/bench/schema_bench_cpp ==
== cpp: run (Release) ==
schema bench (cpp, Release)
rigidbody_moving   write     627.07 M msg/s    62792.1 MB/s   (min 627.07, max 627.07, spread 0.0%)
rigidbody_moving   read      461.01 M msg/s    46163.6 MB/s   (min 461.01, max 461.01, spread 0.0%)
rigidbody_at_rest  write     848.68 M msg/s    46133.5 MB/s   (min 848.68, max 848.68, spread 0.0%)
rigidbody_at_rest  read      497.86 M msg/s    27063.2 MB/s   (min 497.86, max 497.86, spread 0.0%)
chat               write     132.05 M msg/s     1637.1 MB/s   (min 132.05, max 132.05, spread 0.0%)
chat               read      218.28 M msg/s     2706.2 MB/s   (min 218.28, max 218.28, spread 0.0%)
test               write     764.07 M msg/s     4372.0 MB/s   (min 764.07, max 764.07, spread 0.0%)
test               read     1046.97 M msg/s     5990.8 MB/s   (min 1046.97, max 1046.97, spread 0.0%)
inputpacket        write     114.95 M msg/s     6687.0 MB/s   (min 114.95, max 114.95, spread 0.0%)
inputpacket        read      292.60 M msg/s    17022.0 MB/s   (min 292.60, max 292.60, spread 0.0%)
shipcreate         write     468.04 M msg/s    12498.1 MB/s   (min 468.04, max 468.04, spread 0.0%)
shipcreate         read      257.45 M msg/s     6874.8 MB/s   (min 257.45, max 257.45, spread 0.0%)
ship_shallow       write     424.59 M msg/s    11337.7 MB/s   (min 424.59, max 424.59, spread 0.0%)
ship_shallow       read      288.49 M msg/s     7703.5 MB/s   (min 288.49, max 288.49, spread 0.0%)
probe_header       write    1064.97 M msg/s    10156.4 MB/s   (min 1064.97, max 1064.97, spread 0.0%)
probe_header       read     1430.83 M msg/s    13645.5 MB/s   (min 1430.83, max 1430.83, spread 0.0%)
probebits          write     601.49 M msg/s    14914.3 MB/s   (min 601.49, max 601.49, spread 0.0%)
probebits          read      777.81 M msg/s    19286.1 MB/s   (min 777.81, max 777.81, spread 0.0%)
probearray         write      84.42 M msg/s     3784.0 MB/s   (min 84.42, max 84.42, spread 0.0%)
probearray         read      141.61 M msg/s     6347.4 MB/s   (min 141.61, max 141.61, spread 0.0%)
testdata           write      47.18 M msg/s     4139.7 MB/s   (min 47.18, max 47.18, spread 0.0%)
testdata           read       70.60 M msg/s     6194.0 MB/s   (min 70.60, max 70.60, spread 0.0%)
real_packet        write      21.16 M msg/s     4115.8 MB/s   (min 21.16, max 21.16, spread 0.0%)
real_packet        read       26.64 M msg/s     5181.9 MB/s   (min 26.64, max 26.64, spread 0.0%)
message_batch      write      84.27 M msg/s     2009.2 MB/s   (min 84.27, max 84.27, spread 0.0%)
message_batch      read      150.39 M msg/s     3585.6 MB/s   (min 150.39, max 150.39, spread 0.0%)
bench_packet       write      92.74 M msg/s     4333.6 MB/s   (min 92.74, max 92.74, spread 0.0%)
bench_packet       read      137.22 M msg/s     6412.5 MB/s   (min 137.22, max 137.22, spread 0.0%)
bench_ints         write     184.00 M msg/s     2456.6 MB/s   (min 184.00, max 184.00, spread 0.0%)
bench_ints         read      191.43 M msg/s     2555.8 MB/s   (min 191.43, max 191.43, spread 0.0%)
bench_bits         write     185.10 M msg/s     3530.5 MB/s   (min 185.10, max 185.10, spread 0.0%)
bench_bits         read      234.80 M msg/s     4478.5 MB/s   (min 234.80, max 234.80, spread 0.0%)
bench_mixed        write     149.97 M msg/s     3003.5 MB/s   (min 149.97, max 149.97, spread 0.0%)
bench_mixed        read      181.83 M msg/s     3641.5 MB/s   (min 181.83, max 181.83, spread 0.0%)
bitpacker          write       0.06 M msg/s     3889.3 MB/s   (min 0.06, max 0.06, spread 0.0%)
bitpacker          read        0.10 M msg/s     5956.0 MB/s   (min 0.10, max 0.10, spread 0.0%)
OK (corpus_id 7a7c343f1a446f4c)
results: /Users/glenn/rowan-working/scratch-schema-js/build/bench/pass-sixlang-air-1/round-2-cpp.csv
== c: reusing build/bench/schema_bench_c ==
== c: run (Release) ==
schema bench (c, Release)
rigidbody_moving   write     627.94 M msg/s    62879.6 MB/s   (min 627.94, max 627.94, spread 0.0%)
rigidbody_moving   read      461.33 M msg/s    46195.2 MB/s   (min 461.33, max 461.33, spread 0.0%)
rigidbody_at_rest  write     826.30 M msg/s    44917.0 MB/s   (min 826.30, max 826.30, spread 0.0%)
rigidbody_at_rest  read      497.75 M msg/s    27057.5 MB/s   (min 497.75, max 497.75, spread 0.0%)
chat               write     125.13 M msg/s     1551.4 MB/s   (min 125.13, max 125.13, spread 0.0%)
chat               read      226.26 M msg/s     2805.1 MB/s   (min 226.26, max 226.26, spread 0.0%)
test               write     768.04 M msg/s     4394.8 MB/s   (min 768.04, max 768.04, spread 0.0%)
test               read     1036.30 M msg/s     5929.7 MB/s   (min 1036.30, max 1036.30, spread 0.0%)
inputpacket        write     104.37 M msg/s     6071.7 MB/s   (min 104.37, max 104.37, spread 0.0%)
inputpacket        read      241.42 M msg/s    14044.3 MB/s   (min 241.42, max 241.42, spread 0.0%)
shipcreate         write     457.21 M msg/s    12208.8 MB/s   (min 457.21, max 457.21, spread 0.0%)
shipcreate         read      253.97 M msg/s     6781.8 MB/s   (min 253.97, max 253.97, spread 0.0%)
ship_shallow       write     432.87 M msg/s    11558.8 MB/s   (min 432.87, max 432.87, spread 0.0%)
ship_shallow       read      287.46 M msg/s     7676.0 MB/s   (min 287.46, max 287.46, spread 0.0%)
probe_header       write    1053.00 M msg/s    10042.2 MB/s   (min 1053.00, max 1053.00, spread 0.0%)
probe_header       read     1416.79 M msg/s    13511.6 MB/s   (min 1416.79, max 1416.79, spread 0.0%)
probebits          write     596.44 M msg/s    14789.2 MB/s   (min 596.44, max 596.44, spread 0.0%)
probebits          read      772.09 M msg/s    19144.5 MB/s   (min 772.09, max 772.09, spread 0.0%)
probearray         write      79.11 M msg/s     3546.1 MB/s   (min 79.11, max 79.11, spread 0.0%)
probearray         read      141.69 M msg/s     6350.8 MB/s   (min 141.69, max 141.69, spread 0.0%)
testdata           write      37.13 M msg/s     3258.1 MB/s   (min 37.13, max 37.13, spread 0.0%)
testdata           read       60.81 M msg/s     5335.3 MB/s   (min 60.81, max 60.81, spread 0.0%)
real_packet        write      25.66 M msg/s     4992.0 MB/s   (min 25.66, max 25.66, spread 0.0%)
real_packet        read       30.18 M msg/s     5871.1 MB/s   (min 30.18, max 30.18, spread 0.0%)
message_batch      write     178.23 M msg/s     4249.2 MB/s   (min 178.23, max 178.23, spread 0.0%)
message_batch      read      149.36 M msg/s     3561.0 MB/s   (min 149.36, max 149.36, spread 0.0%)
bench_packet       write     118.23 M msg/s     5525.1 MB/s   (min 118.23, max 118.23, spread 0.0%)
bench_packet       read      140.27 M msg/s     6554.8 MB/s   (min 140.27, max 140.27, spread 0.0%)
bench_ints         write     191.85 M msg/s     2561.5 MB/s   (min 191.85, max 191.85, spread 0.0%)
bench_ints         read      178.71 M msg/s     2386.0 MB/s   (min 178.71, max 178.71, spread 0.0%)
bench_bits         write     192.19 M msg/s     3665.7 MB/s   (min 192.19, max 192.19, spread 0.0%)
bench_bits         read      224.00 M msg/s     4272.5 MB/s   (min 224.00, max 224.00, spread 0.0%)
bench_mixed        write     159.32 M msg/s     3190.7 MB/s   (min 159.32, max 159.32, spread 0.0%)
bench_mixed        read      174.30 M msg/s     3490.7 MB/s   (min 174.30, max 174.30, spread 0.0%)
bitpacker          write       0.06 M msg/s     3888.8 MB/s   (min 0.06, max 0.06, spread 0.0%)
bitpacker          read        0.06 M msg/s     3683.7 MB/s   (min 0.06, max 0.06, spread 0.0%)
OK (corpus_id 7a7c343f1a446f4c)
results: /Users/glenn/rowan-working/scratch-schema-js/build/bench/pass-sixlang-air-1/round-2-c.csv
== go: run ==
schema bench (go)
rigidbody_moving   write      18.65 M msg/s     1867.6 MB/s   (min 18.65, max 18.65, spread 0.0%)
rigidbody_moving   read       24.81 M msg/s     2484.0 MB/s   (min 24.81, max 24.81, spread 0.0%)
alloc note: rigidbody_moving one pass (256 ops/path): write 0 allocs, read 0 allocs
rigidbody_at_rest  write      32.49 M msg/s     1766.2 MB/s   (min 32.49, max 32.49, spread 0.0%)
rigidbody_at_rest  read       42.18 M msg/s     2292.8 MB/s   (min 42.18, max 42.18, spread 0.0%)
alloc note: rigidbody_at_rest one pass (256 ops/path): write 0 allocs, read 0 allocs
chat               write      34.57 M msg/s      428.6 MB/s   (min 34.57, max 34.57, spread 0.0%)
chat               read       76.11 M msg/s      943.6 MB/s   (min 76.11, max 76.11, spread 0.0%)
alloc note: chat one pass (256 ops/path): write 0 allocs, read 0 allocs
test               write     109.08 M msg/s      624.1 MB/s   (min 109.08, max 109.08, spread 0.0%)
test               read       86.90 M msg/s      497.3 MB/s   (min 86.90, max 86.90, spread 0.0%)
alloc note: test one pass (256 ops/path): write 0 allocs, read 0 allocs
inputpacket        write      16.88 M msg/s      982.2 MB/s   (min 16.88, max 16.88, spread 0.0%)
inputpacket        read       16.81 M msg/s      977.7 MB/s   (min 16.81, max 16.81, spread 0.0%)
alloc note: inputpacket one pass (256 ops/path): write 0 allocs, read 0 allocs
shipcreate         write      32.14 M msg/s      858.2 MB/s   (min 32.14, max 32.14, spread 0.0%)
shipcreate         read       22.72 M msg/s      606.8 MB/s   (min 22.72, max 22.72, spread 0.0%)
alloc note: shipcreate one pass (256 ops/path): write 0 allocs, read 0 allocs
ship_shallow       write      35.74 M msg/s      954.4 MB/s   (min 35.74, max 35.74, spread 0.0%)
ship_shallow       read       26.58 M msg/s      709.7 MB/s   (min 26.58, max 26.58, spread 0.0%)
alloc note: ship_shallow one pass (256 ops/path): write 0 allocs, read 0 allocs
probe_header       write      86.74 M msg/s      827.2 MB/s   (min 86.74, max 86.74, spread 0.0%)
probe_header       read       66.33 M msg/s      632.6 MB/s   (min 66.33, max 66.33, spread 0.0%)
alloc note: probe_header one pass (256 ops/path): write 0 allocs, read 0 allocs
probebits          write      63.29 M msg/s     1569.3 MB/s   (min 63.29, max 63.29, spread 0.0%)
probebits          read       64.54 M msg/s     1600.2 MB/s   (min 64.54, max 64.54, spread 0.0%)
alloc note: probebits one pass (256 ops/path): write 0 allocs, read 0 allocs
probearray         write      20.55 M msg/s      921.3 MB/s   (min 20.55, max 20.55, spread 0.0%)
probearray         read       17.64 M msg/s      790.8 MB/s   (min 17.64, max 17.64, spread 0.0%)
alloc note: probearray one pass (256 ops/path): write 0 allocs, read 0 allocs
testdata           write       9.46 M msg/s      830.1 MB/s   (min 9.46, max 9.46, spread 0.0%)
testdata           read       10.73 M msg/s      941.6 MB/s   (min 10.73, max 10.73, spread 0.0%)
alloc note: testdata one pass (256 ops/path): write 0 allocs, read 0 allocs
message_batch      write      40.16 M msg/s      957.5 MB/s   (min 40.16, max 40.16, spread 0.0%)
message_batch      read       38.03 M msg/s      906.8 MB/s   (min 38.03, max 38.03, spread 0.0%)
alloc note: message_batch one pass (4096 msgs): write 0 allocs, read 0 allocs
bench_packet       write      27.48 M msg/s     1284.0 MB/s   (min 27.48, max 27.48, spread 0.0%)
bench_packet       read       34.40 M msg/s     1607.4 MB/s   (min 34.40, max 34.40, spread 0.0%)
bench_ints         write      44.65 M msg/s      596.1 MB/s   (min 44.65, max 44.65, spread 0.0%)
bench_ints         read       39.72 M msg/s      530.3 MB/s   (min 39.72, max 39.72, spread 0.0%)
bench_bits         write      60.57 M msg/s     1155.4 MB/s   (min 60.57, max 60.57, spread 0.0%)
bench_bits         read       53.75 M msg/s     1025.2 MB/s   (min 53.75, max 53.75, spread 0.0%)
bench_mixed        write      43.67 M msg/s      874.6 MB/s   (min 43.67, max 43.67, spread 0.0%)
bench_mixed        read       38.36 M msg/s      768.3 MB/s   (min 38.36, max 38.36, spread 0.0%)
bitpacker          write       0.01 M msg/s      605.8 MB/s   (min 0.01, max 0.01, spread 0.0%)
bitpacker          read        0.01 M msg/s      720.9 MB/s   (min 0.01, max 0.01, spread 0.0%)
OK (corpus_id 6b118770d85af4f6)
results: /Users/glenn/rowan-working/scratch-schema-js/build/bench/pass-sixlang-air-1/round-2-go.csv
== rust: run ==
schema bench (rust)
rigidbody_moving   write      42.65 M msg/s     4270.4 MB/s   (min 42.65, max 42.65, spread 0.0%)
rigidbody_moving   read       42.88 M msg/s     4293.4 MB/s   (min 42.88, max 42.88, spread 0.0%)
rigidbody_at_rest  write      76.04 M msg/s     4133.3 MB/s   (min 76.04, max 76.04, spread 0.0%)
rigidbody_at_rest  read       78.99 M msg/s     4293.9 MB/s   (min 78.99, max 78.99, spread 0.0%)
chat               write      67.98 M msg/s      842.8 MB/s   (min 67.98, max 67.98, spread 0.0%)
chat               read       94.97 M msg/s     1177.4 MB/s   (min 94.97, max 94.97, spread 0.0%)
test               write     229.29 M msg/s     1312.0 MB/s   (min 229.29, max 229.29, spread 0.0%)
test               read      210.54 M msg/s     1204.7 MB/s   (min 210.54, max 210.54, spread 0.0%)
inputpacket        write      49.88 M msg/s     2901.5 MB/s   (min 49.88, max 49.88, spread 0.0%)
inputpacket        read       40.70 M msg/s     2367.8 MB/s   (min 40.70, max 40.70, spread 0.0%)
shipcreate         write      76.24 M msg/s     2035.8 MB/s   (min 76.24, max 76.24, spread 0.0%)
shipcreate         read       80.86 M msg/s     2159.1 MB/s   (min 80.86, max 80.86, spread 0.0%)
ship_shallow       write      82.74 M msg/s     2209.3 MB/s   (min 82.74, max 82.74, spread 0.0%)
ship_shallow       read       76.80 M msg/s     2050.7 MB/s   (min 76.80, max 76.80, spread 0.0%)
probe_header       write     213.34 M msg/s     2034.6 MB/s   (min 213.34, max 213.34, spread 0.0%)
probe_header       read      182.07 M msg/s     1736.4 MB/s   (min 182.07, max 182.07, spread 0.0%)
probebits          write     124.37 M msg/s     3083.7 MB/s   (min 124.37, max 124.37, spread 0.0%)
probebits          read      136.99 M msg/s     3396.7 MB/s   (min 136.99, max 136.99, spread 0.0%)
probearray         write      54.41 M msg/s     2438.7 MB/s   (min 54.41, max 54.41, spread 0.0%)
probearray         read       63.50 M msg/s     2846.4 MB/s   (min 63.50, max 63.50, spread 0.0%)
testdata           write      25.39 M msg/s     2227.5 MB/s   (min 25.39, max 25.39, spread 0.0%)
testdata           read       23.89 M msg/s     2096.3 MB/s   (min 23.89, max 23.89, spread 0.0%)
message_batch      write      78.59 M msg/s     1873.8 MB/s   (min 78.59, max 78.59, spread 0.0%)
message_batch      read       49.37 M msg/s     1177.1 MB/s   (min 49.37, max 49.37, spread 0.0%)
bench_packet       write      75.60 M msg/s     3532.7 MB/s   (min 75.60, max 75.60, spread 0.0%)
bench_packet       read       93.12 M msg/s     4351.5 MB/s   (min 93.12, max 93.12, spread 0.0%)
bench_ints         write     122.51 M msg/s     1635.8 MB/s   (min 122.51, max 122.51, spread 0.0%)
bench_ints         read      105.65 M msg/s     1410.6 MB/s   (min 105.65, max 105.65, spread 0.0%)
bench_bits         write     123.08 M msg/s     2347.6 MB/s   (min 123.08, max 123.08, spread 0.0%)
bench_bits         read      113.18 M msg/s     2158.7 MB/s   (min 113.18, max 113.18, spread 0.0%)
bench_mixed        write     101.63 M msg/s     2035.3 MB/s   (min 101.63, max 101.63, spread 0.0%)
bench_mixed        read       87.58 M msg/s     1754.0 MB/s   (min 87.58, max 87.58, spread 0.0%)
bitpacker          write       0.03 M msg/s     2088.1 MB/s   (min 0.03, max 0.03, spread 0.0%)
bitpacker          read        0.03 M msg/s     2036.0 MB/s   (min 0.03, max 0.03, spread 0.0%)
OK (corpus_id 6b118770d85af4f6)
results: /Users/glenn/rowan-working/scratch-schema-js/build/bench/pass-sixlang-air-1/round-2-rust.csv
== cs: run ==
schema bench (cs, workstation GC)
rigidbody_moving   write      36.90 M msg/s     3695.4 MB/s   (min 36.90, max 36.90, spread 0.0%)
rigidbody_moving   read       36.97 M msg/s     3702.3 MB/s   (min 36.97, max 36.97, spread 0.0%)
alloc note: rigidbody_moving one pass (256 ops/path): write 0 bytes, read 0 bytes
rigidbody_at_rest  write      58.66 M msg/s     3188.7 MB/s   (min 58.66, max 58.66, spread 0.0%)
rigidbody_at_rest  read       58.25 M msg/s     3166.5 MB/s   (min 58.25, max 58.25, spread 0.0%)
alloc note: rigidbody_at_rest one pass (256 ops/path): write 0 bytes, read 0 bytes
chat               write      40.40 M msg/s      500.9 MB/s   (min 40.40, max 40.40, spread 0.0%)
chat               read       81.33 M msg/s     1008.3 MB/s   (min 81.33, max 81.33, spread 0.0%)
alloc note: chat one pass (256 ops/path): write 0 bytes, read 0 bytes
test               write     135.86 M msg/s      777.4 MB/s   (min 135.86, max 135.86, spread 0.0%)
test               read      160.71 M msg/s      919.6 MB/s   (min 160.71, max 160.71, spread 0.0%)
alloc note: test one pass (256 ops/path): write 0 bytes, read 0 bytes
inputpacket        write      38.58 M msg/s     2244.5 MB/s   (min 38.58, max 38.58, spread 0.0%)
inputpacket        read       29.68 M msg/s     1726.4 MB/s   (min 29.68, max 29.68, spread 0.0%)
alloc note: inputpacket one pass (256 ops/path): write 0 bytes, read 0 bytes
shipcreate         write      59.14 M msg/s     1579.1 MB/s   (min 59.14, max 59.14, spread 0.0%)
shipcreate         read       50.71 M msg/s     1354.1 MB/s   (min 50.71, max 50.71, spread 0.0%)
alloc note: shipcreate one pass (256 ops/path): write 0 bytes, read 0 bytes
ship_shallow       write      61.84 M msg/s     1651.3 MB/s   (min 61.84, max 61.84, spread 0.0%)
ship_shallow       read       56.41 M msg/s     1506.3 MB/s   (min 56.41, max 56.41, spread 0.0%)
alloc note: ship_shallow one pass (256 ops/path): write 0 bytes, read 0 bytes
probe_header       write     123.30 M msg/s     1175.9 MB/s   (min 123.30, max 123.30, spread 0.0%)
probe_header       read      125.30 M msg/s     1194.9 MB/s   (min 125.30, max 125.30, spread 0.0%)
alloc note: probe_header one pass (256 ops/path): write 0 bytes, read 0 bytes
probebits          write      94.55 M msg/s     2344.3 MB/s   (min 94.55, max 94.55, spread 0.0%)
probebits          read       97.61 M msg/s     2420.3 MB/s   (min 97.61, max 97.61, spread 0.0%)
alloc note: probebits one pass (256 ops/path): write 0 bytes, read 0 bytes
probearray         write      45.08 M msg/s     2020.8 MB/s   (min 45.08, max 45.08, spread 0.0%)
probearray         read       42.49 M msg/s     1904.7 MB/s   (min 42.49, max 42.49, spread 0.0%)
alloc note: probearray one pass (256 ops/path): write 0 bytes, read 0 bytes
testdata           write      15.07 M msg/s     1322.5 MB/s   (min 15.07, max 15.07, spread 0.0%)
testdata           read       10.30 M msg/s      903.9 MB/s   (min 10.30, max 10.30, spread 0.0%)
alloc note: testdata one pass (256 ops/path): write 0 bytes, read 0 bytes
message_batch      write      59.94 M msg/s     1429.2 MB/s   (min 59.94, max 59.94, spread 0.0%)
message_batch      read       44.56 M msg/s     1062.4 MB/s   (min 44.56, max 44.56, spread 0.0%)
alloc note: message_batch one pass (4096 msgs): write 0 bytes (0 gen0), read 0 bytes (0 gen0)
bench_packet       write      31.77 M msg/s     1484.8 MB/s   (min 31.77, max 31.77, spread 0.0%)
bench_packet       read       34.04 M msg/s     1590.7 MB/s   (min 34.04, max 34.04, spread 0.0%)
bench_ints         write      60.79 M msg/s      811.7 MB/s   (min 60.79, max 60.79, spread 0.0%)
bench_ints         read       52.22 M msg/s      697.2 MB/s   (min 52.22, max 52.22, spread 0.0%)
bench_bits         write      66.38 M msg/s     1266.2 MB/s   (min 66.38, max 66.38, spread 0.0%)
bench_bits         read       60.28 M msg/s     1149.8 MB/s   (min 60.28, max 60.28, spread 0.0%)
bench_mixed        write      47.08 M msg/s      942.9 MB/s   (min 47.08, max 47.08, spread 0.0%)
bench_mixed        read       42.55 M msg/s      852.1 MB/s   (min 42.55, max 42.55, spread 0.0%)
bitpacker          write       0.02 M msg/s      977.1 MB/s   (min 0.02, max 0.02, spread 0.0%)
bitpacker          read        0.02 M msg/s      989.8 MB/s   (min 0.02, max 0.02, spread 0.0%)
OK (corpus_id 6b118770d85af4f6)
results: /Users/glenn/rowan-working/scratch-schema-js/build/bench/pass-sixlang-air-1/round-2-cs.csv
Shutting down MSBuild server...
Shutting down VB/C# compiler server...
VB/C# compiler server shut down successfully.
MSBuild server shut down successfully.
== js: run ==
schema bench (js, node 26.7.0, production mode)
rigidbody_moving   write       3.40 M msg/s      340.0 MB/s   (min 3.40, max 3.40, spread 0.0%)
rigidbody_moving   read        3.15 M msg/s      315.5 MB/s   (min 3.15, max 3.15, spread 0.0%)
rigidbody_at_rest  write       5.26 M msg/s      286.0 MB/s   (min 5.26, max 5.26, spread 0.0%)
rigidbody_at_rest  read        5.72 M msg/s      311.0 MB/s   (min 5.72, max 5.72, spread 0.0%)
chat               write       7.65 M msg/s       94.8 MB/s   (min 7.65, max 7.65, spread 0.0%)
chat               read       11.81 M msg/s      146.4 MB/s   (min 11.81, max 11.81, spread 0.0%)
test               write      10.99 M msg/s       62.9 MB/s   (min 10.99, max 10.99, spread 0.0%)
test               read       18.14 M msg/s      103.8 MB/s   (min 18.14, max 18.14, spread 0.0%)
inputpacket        write       2.01 M msg/s      117.2 MB/s   (min 2.01, max 2.01, spread 0.0%)
inputpacket        read        2.35 M msg/s      136.8 MB/s   (min 2.35, max 2.35, spread 0.0%)
shipcreate         write       3.36 M msg/s       89.8 MB/s   (min 3.36, max 3.36, spread 0.0%)
shipcreate         read        4.48 M msg/s      119.6 MB/s   (min 4.48, max 4.48, spread 0.0%)
ship_shallow       write       3.20 M msg/s       85.5 MB/s   (min 3.20, max 3.20, spread 0.0%)
ship_shallow       read        5.09 M msg/s      135.9 MB/s   (min 5.09, max 5.09, spread 0.0%)
probe_header       write       5.59 M msg/s       53.3 MB/s   (min 5.59, max 5.59, spread 0.0%)
probe_header       read        9.51 M msg/s       90.7 MB/s   (min 9.51, max 9.51, spread 0.0%)
probebits          write       2.84 M msg/s       70.4 MB/s   (min 2.84, max 2.84, spread 0.0%)
probebits          read        4.02 M msg/s       99.6 MB/s   (min 4.02, max 4.02, spread 0.0%)
probearray         write       2.13 M msg/s       95.4 MB/s   (min 2.13, max 2.13, spread 0.0%)
probearray         read        2.60 M msg/s      116.4 MB/s   (min 2.60, max 2.60, spread 0.0%)
testdata           write       1.26 M msg/s      110.4 MB/s   (min 1.26, max 1.26, spread 0.0%)
testdata           read        1.45 M msg/s      126.8 MB/s   (min 1.45, max 1.45, spread 0.0%)
real_packet        write       0.51 M msg/s       99.1 MB/s   (min 0.51, max 0.51, spread 0.0%)
real_packet        read        0.60 M msg/s      117.6 MB/s   (min 0.60, max 0.60, spread 0.0%)
message_batch      write      10.79 M msg/s      257.3 MB/s   (min 10.79, max 10.79, spread 0.0%)
message_batch      read        9.96 M msg/s      237.6 MB/s   (min 9.96, max 9.96, spread 0.0%)
bench_packet       write       3.41 M msg/s      159.5 MB/s   (min 3.41, max 3.41, spread 0.0%)
bench_packet       read        4.06 M msg/s      189.9 MB/s   (min 4.06, max 4.06, spread 0.0%)
bench_ints         write       6.00 M msg/s       80.1 MB/s   (min 6.00, max 6.00, spread 0.0%)
bench_ints         read        6.57 M msg/s       87.7 MB/s   (min 6.57, max 6.57, spread 0.0%)
bench_bits         write       4.17 M msg/s       79.6 MB/s   (min 4.17, max 4.17, spread 0.0%)
bench_bits         read        6.85 M msg/s      130.7 MB/s   (min 6.85, max 6.85, spread 0.0%)
bench_mixed        write       3.52 M msg/s       70.4 MB/s   (min 3.52, max 3.52, spread 0.0%)
bench_mixed        read        5.49 M msg/s      109.9 MB/s   (min 5.49, max 5.49, spread 0.0%)
bitpacker          write       0.01 M msg/s      385.9 MB/s   (min 0.01, max 0.01, spread 0.0%)
bitpacker          read        0.00 M msg/s      302.3 MB/s   (min 0.00, max 0.00, spread 0.0%)
OK (corpus_id 7a7c343f1a446f4c)
results: /Users/glenn/rowan-working/scratch-schema-js/build/bench/pass-sixlang-air-1/round-2-js.csv
== cpp: reusing build/bench/schema_bench_cpp ==
== cpp: run (Release) ==
schema bench (cpp, Release)
rigidbody_moving   write     609.49 M msg/s    61032.0 MB/s   (min 607.60, max 617.10, spread 1.6%)
rigidbody_moving   read      461.28 M msg/s    46190.9 MB/s   (min 459.44, max 462.26, spread 0.6%)
rigidbody_at_rest  write     819.63 M msg/s    44554.9 MB/s   (min 796.33, max 833.16, spread 4.5%)
rigidbody_at_rest  read      484.54 M msg/s    26339.4 MB/s   (min 483.31, max 490.36, spread 1.5%)
chat               write     128.83 M msg/s     1597.2 MB/s   (min 126.69, max 128.95, spread 1.8%)
chat               read      212.51 M msg/s     2634.7 MB/s   (min 212.11, max 216.05, spread 1.9%)
test               write     763.97 M msg/s     4371.5 MB/s   (min 753.97, max 765.02, spread 1.4%)
test               read     1043.08 M msg/s     5968.5 MB/s   (min 1036.76, max 1044.93, spread 0.8%)
inputpacket        write     111.80 M msg/s     6504.1 MB/s   (min 111.59, max 112.07, spread 0.4%)
inputpacket        read      292.82 M msg/s    17034.7 MB/s   (min 292.04, max 294.03, spread 0.7%)
shipcreate         write     468.41 M msg/s    12507.8 MB/s   (min 465.58, max 471.25, spread 1.2%)
shipcreate         read      250.47 M msg/s     6688.4 MB/s   (min 249.93, max 251.41, spread 0.6%)
ship_shallow       write     423.60 M msg/s    11311.2 MB/s   (min 409.16, max 424.46, spread 3.6%)
ship_shallow       read      281.88 M msg/s     7526.9 MB/s   (min 280.83, max 283.11, spread 0.8%)
probe_header       write    1075.15 M msg/s    10253.4 MB/s   (min 1057.58, max 1083.81, spread 2.4%)
probe_header       read     1429.07 M msg/s    13628.7 MB/s   (min 1425.08, max 1430.54, spread 0.4%)
probebits          write     596.48 M msg/s    14790.0 MB/s   (min 592.74, max 599.32, spread 1.1%)
probebits          read      772.59 M msg/s    19156.8 MB/s   (min 767.36, max 773.81, spread 0.8%)
probearray         write      82.88 M msg/s     3715.0 MB/s   (min 82.29, max 83.47, spread 1.4%)
probearray         read      140.86 M msg/s     6313.7 MB/s   (min 140.77, max 141.28, spread 0.4%)
testdata           write      47.22 M msg/s     4143.3 MB/s   (min 47.12, max 47.48, spread 0.8%)
testdata           read       70.16 M msg/s     6155.7 MB/s   (min 69.45, max 70.33, spread 1.3%)
real_packet        write      21.16 M msg/s     4117.3 MB/s   (min 21.13, max 21.18, spread 0.2%)
real_packet        read       26.64 M msg/s     5183.4 MB/s   (min 26.62, max 26.70, spread 0.3%)
message_batch      write      79.31 M msg/s     1891.0 MB/s   (min 74.80, max 89.29, spread 18.3%)
message_batch      read      140.47 M msg/s     3349.0 MB/s   (min 135.46, max 151.49, spread 11.4%)
bench_packet       write      92.64 M msg/s     4329.2 MB/s   (min 92.47, max 93.22, spread 0.8%)
bench_packet       read      133.77 M msg/s     6251.0 MB/s   (min 107.77, max 136.59, spread 21.5%)
bench_ints         write     183.20 M msg/s     2446.0 MB/s   (min 181.47, max 185.13, spread 2.0%)
bench_ints         read      191.42 M msg/s     2555.7 MB/s   (min 191.19, max 191.79, spread 0.3%)
bench_bits         write     182.50 M msg/s     3481.0 MB/s   (min 180.75, max 190.32, spread 5.2%)
bench_bits         read      226.85 M msg/s     4326.9 MB/s   (min 198.98, max 241.81, spread 18.9%)
bench_mixed        write     153.50 M msg/s     3074.1 MB/s   (min 150.15, max 154.03, spread 2.5%)
bench_mixed        read      184.30 M msg/s     3691.0 MB/s   (min 175.58, max 190.71, spread 8.2%)
bitpacker          write       0.06 M msg/s     3795.1 MB/s   (min 0.06, max 0.06, spread 2.4%)
bitpacker          read        0.09 M msg/s     5837.4 MB/s   (min 0.09, max 0.09, spread 0.7%)
OK (corpus_id 7a7c343f1a446f4c)
results: /Users/glenn/rowan-working/scratch-schema-js/build/bench/pass-sixlang-air-1/control-end.csv
